[2026-07-09T23:54:46.725+0000] {local_task_job_runner.py:120} INFO - ::group::Pre task execution logs
[2026-07-09T23:54:47.075+0000] {taskinstance.py:2076} INFO - Dependencies all met for dep_context=non-requeueable deps ti=<TaskInstance: pipeline_bets.bronze_coletar_odds manual__2026-07-09T23:54:43.215078+00:00 [queued]>
[2026-07-09T23:54:47.096+0000] {taskinstance.py:2076} INFO - Dependencies all met for dep_context=requeueable deps ti=<TaskInstance: pipeline_bets.bronze_coletar_odds manual__2026-07-09T23:54:43.215078+00:00 [queued]>
[2026-07-09T23:54:47.096+0000] {taskinstance.py:2306} INFO - Starting attempt 1 of 2
[2026-07-09T23:54:47.139+0000] {taskinstance.py:2330} INFO - Executing <Task(BashOperator): bronze_coletar_odds> on 2026-07-09 23:54:43.215078+00:00
[2026-07-09T23:54:47.153+0000] {standard_task_runner.py:90} INFO - Running: ['***', 'tasks', 'run', 'pipeline_bets', 'bronze_coletar_odds', 'manual__2026-07-09T23:54:43.215078+00:00', '--job-id', '39', '--raw', '--subdir', 'DAGS_FOLDER/pipeline_bet.py', '--cfg-path', '/tmp/tmplrpszl7g']
[2026-07-09T23:54:47.166+0000] {standard_task_runner.py:91} INFO - Job 39: Subtask bronze_coletar_odds
[2026-07-09T23:54:47.185+0000] {logging_mixin.py:188} WARNING - /home/***/.local/lib/python3.12/site-packages/***/task/task_runner/standard_task_runner.py:62 DeprecationWarning: This process (pid=193) is multi-threaded, use of fork() may lead to deadlocks in the child.
[2026-07-09T23:54:47.186+0000] {standard_task_runner.py:64} INFO - Started process 194 to run task
[2026-07-09T23:54:47.292+0000] {task_command.py:426} INFO - Running <TaskInstance: pipeline_bets.bronze_coletar_odds manual__2026-07-09T23:54:43.215078+00:00 [running]> on host 7067fe9c320a
[2026-07-09T23:54:47.511+0000] {taskinstance.py:2648} INFO - Exporting env vars: AIRFLOW_CTX_DAG_OWNER='lucas' AIRFLOW_CTX_DAG_ID='pipeline_bets' AIRFLOW_CTX_TASK_ID='bronze_coletar_odds' AIRFLOW_CTX_EXECUTION_DATE='2026-07-09T23:54:43.215078+00:00' AIRFLOW_CTX_TRY_NUMBER='1' AIRFLOW_CTX_DAG_RUN_ID='manual__2026-07-09T23:54:43.215078+00:00'
[2026-07-09T23:54:47.512+0000] {taskinstance.py:430} INFO - ::endgroup::
[2026-07-09T23:54:47.603+0000] {subprocess.py:63} INFO - Tmp dir root location: /tmp
[2026-07-09T23:54:47.609+0000] {subprocess.py:75} INFO - Running command: ['/usr/bin/bash', '-c', 'cd /opt/*** && python ../codigo-fonte/ingestao/coletar_odds.py']
[2026-07-09T23:54:47.644+0000] {subprocess.py:86} INFO - Output:
[2026-07-09T23:54:48.096+0000] {subprocess.py:93} INFO - python: can't open file '/opt/***/../codigo-fonte/ingestao/coletar_odds.py': [Errno 2] No such file or directory
[2026-07-09T23:54:48.101+0000] {subprocess.py:97} INFO - Command exited with return code 2
[2026-07-09T23:54:48.104+0000] {taskinstance.py:441} INFO - ::group::Post task execution logs
[2026-07-09T23:54:48.131+0000] {taskinstance.py:2905} ERROR - Task failed with exception
Traceback (most recent call last):
  File "/home/airflow/.local/lib/python3.12/site-packages/airflow/models/taskinstance.py", line 465, in _execute_task
    result = _execute_callable(context=context, **execute_callable_kwargs)
             ^^^^^^^^^^^^^^^^^^^^^^^^^^^^^^^^^^^^^^^^^^^^^^^^^^^^^^^^^^^^^
  File "/home/airflow/.local/lib/python3.12/site-packages/airflow/models/taskinstance.py", line 432, in _execute_callable
    return execute_callable(context=context, **execute_callable_kwargs)
           ^^^^^^^^^^^^^^^^^^^^^^^^^^^^^^^^^^^^^^^^^^^^^^^^^^^^^^^^^^^^
  File "/home/airflow/.local/lib/python3.12/site-packages/airflow/models/baseoperator.py", line 401, in wrapper
    return func(self, *args, **kwargs)
           ^^^^^^^^^^^^^^^^^^^^^^^^^^^
  File "/home/airflow/.local/lib/python3.12/site-packages/airflow/operators/bash.py", line 243, in execute
    raise AirflowException(
airflow.exceptions.AirflowException: Bash command failed. The command returned a non-zero exit code 2.
[2026-07-09T23:54:48.165+0000] {taskinstance.py:1206} INFO - Marking task as UP_FOR_RETRY. dag_id=pipeline_bets, task_id=bronze_coletar_odds, run_id=manual__2026-07-09T23:54:43.215078+00:00, execution_date=20260709T235443, start_date=20260709T235447, end_date=20260709T235448
[2026-07-09T23:54:48.206+0000] {standard_task_runner.py:110} ERROR - Failed to execute job 39 for task bronze_coletar_odds (Bash command failed. The command returned a non-zero exit code 2.; 194)
[2026-07-09T23:54:48.252+0000] {local_task_job_runner.py:243} INFO - Task exited with return code 1
[2026-07-09T23:54:48.283+0000] {taskinstance.py:3503} INFO - 0 downstream tasks scheduled from follow-on schedule check
[2026-07-09T23:54:48.285+0000] {local_task_job_runner.py:222} INFO - ::endgroup::
