[2026-07-10T00:00:02.801+0000] {processor.py:161} INFO - Started process (PID=253) to work on /opt/airflow/dags/pipeline_bet.py
[2026-07-10T00:00:02.844+0000] {processor.py:830} INFO - Processing file /opt/airflow/dags/pipeline_bet.py for tasks to queue
[2026-07-10T00:00:02.885+0000] {logging_mixin.py:188} INFO - [2026-07-10T00:00:02.880+0000] {dagbag.py:545} INFO - Filling up the DagBag from /opt/airflow/dags/pipeline_bet.py
[2026-07-10T00:00:03.053+0000] {processor.py:840} INFO - DAG(s) 'pipeline_bets' retrieved from /opt/airflow/dags/pipeline_bet.py
[2026-07-10T00:00:03.857+0000] {logging_mixin.py:188} INFO - [2026-07-10T00:00:03.857+0000] {dag.py:3089} INFO - Sync 1 DAGs
[2026-07-10T00:00:03.969+0000] {logging_mixin.py:188} INFO - [2026-07-10T00:00:03.963+0000] {dag.py:3947} INFO - Setting next_dagrun for pipeline_bets to 2026-07-10 00:00:00+00:00, run_after=2026-07-11 00:00:00+00:00
[2026-07-10T00:00:04.047+0000] {processor.py:183} INFO - Processing /opt/airflow/dags/pipeline_bet.py took 1.393 seconds
[2026-07-10T00:00:34.328+0000] {processor.py:161} INFO - Started process (PID=260) to work on /opt/airflow/dags/pipeline_bet.py
[2026-07-10T00:00:34.331+0000] {processor.py:830} INFO - Processing file /opt/airflow/dags/pipeline_bet.py for tasks to queue
[2026-07-10T00:00:34.340+0000] {logging_mixin.py:188} INFO - [2026-07-10T00:00:34.339+0000] {dagbag.py:545} INFO - Filling up the DagBag from /opt/airflow/dags/pipeline_bet.py
[2026-07-10T00:00:34.395+0000] {processor.py:840} INFO - DAG(s) 'pipeline_bets' retrieved from /opt/airflow/dags/pipeline_bet.py
[2026-07-10T00:00:34.512+0000] {logging_mixin.py:188} INFO - [2026-07-10T00:00:34.511+0000] {dag.py:3089} INFO - Sync 1 DAGs
[2026-07-10T00:00:34.571+0000] {logging_mixin.py:188} INFO - [2026-07-10T00:00:34.571+0000] {dag.py:3947} INFO - Setting next_dagrun for pipeline_bets to 2026-07-10 00:00:00+00:00, run_after=2026-07-11 00:00:00+00:00
[2026-07-10T00:00:34.614+0000] {processor.py:183} INFO - Processing /opt/airflow/dags/pipeline_bet.py took 0.330 seconds
[2026-07-10T00:01:04.810+0000] {processor.py:161} INFO - Started process (PID=265) to work on /opt/airflow/dags/pipeline_bet.py
[2026-07-10T00:01:04.812+0000] {processor.py:830} INFO - Processing file /opt/airflow/dags/pipeline_bet.py for tasks to queue
[2026-07-10T00:01:04.814+0000] {logging_mixin.py:188} INFO - [2026-07-10T00:01:04.814+0000] {dagbag.py:545} INFO - Filling up the DagBag from /opt/airflow/dags/pipeline_bet.py
[2026-07-10T00:01:04.837+0000] {processor.py:840} INFO - DAG(s) 'pipeline_bets' retrieved from /opt/airflow/dags/pipeline_bet.py
[2026-07-10T00:01:04.888+0000] {logging_mixin.py:188} INFO - [2026-07-10T00:01:04.887+0000] {dag.py:3089} INFO - Sync 1 DAGs
[2026-07-10T00:01:04.922+0000] {logging_mixin.py:188} INFO - [2026-07-10T00:01:04.921+0000] {dag.py:3947} INFO - Setting next_dagrun for pipeline_bets to 2026-07-10 00:00:00+00:00, run_after=2026-07-11 00:00:00+00:00
[2026-07-10T00:01:04.942+0000] {processor.py:183} INFO - Processing /opt/airflow/dags/pipeline_bet.py took 0.143 seconds
[2026-07-10T00:01:35.057+0000] {processor.py:161} INFO - Started process (PID=270) to work on /opt/airflow/dags/pipeline_bet.py
[2026-07-10T00:01:35.064+0000] {processor.py:830} INFO - Processing file /opt/airflow/dags/pipeline_bet.py for tasks to queue
[2026-07-10T00:01:35.071+0000] {logging_mixin.py:188} INFO - [2026-07-10T00:01:35.070+0000] {dagbag.py:545} INFO - Filling up the DagBag from /opt/airflow/dags/pipeline_bet.py
[2026-07-10T00:01:35.151+0000] {processor.py:840} INFO - DAG(s) 'pipeline_bets' retrieved from /opt/airflow/dags/pipeline_bet.py
[2026-07-10T00:01:35.331+0000] {logging_mixin.py:188} INFO - [2026-07-10T00:01:35.330+0000] {dag.py:3089} INFO - Sync 1 DAGs
[2026-07-10T00:01:35.367+0000] {logging_mixin.py:188} INFO - [2026-07-10T00:01:35.367+0000] {dag.py:3947} INFO - Setting next_dagrun for pipeline_bets to 2026-07-10 00:00:00+00:00, run_after=2026-07-11 00:00:00+00:00
[2026-07-10T00:01:35.390+0000] {processor.py:183} INFO - Processing /opt/airflow/dags/pipeline_bet.py took 0.366 seconds
[2026-07-10T00:02:05.600+0000] {processor.py:161} INFO - Started process (PID=276) to work on /opt/airflow/dags/pipeline_bet.py
[2026-07-10T00:02:05.602+0000] {processor.py:830} INFO - Processing file /opt/airflow/dags/pipeline_bet.py for tasks to queue
[2026-07-10T00:02:05.606+0000] {logging_mixin.py:188} INFO - [2026-07-10T00:02:05.604+0000] {dagbag.py:545} INFO - Filling up the DagBag from /opt/airflow/dags/pipeline_bet.py
[2026-07-10T00:02:06.127+0000] {processor.py:840} INFO - DAG(s) 'pipeline_bets' retrieved from /opt/airflow/dags/pipeline_bet.py
[2026-07-10T00:02:48.416+0000] {processor.py:186} ERROR - Got an exception! Propagating...
Traceback (most recent call last):
  File "/home/airflow/.local/lib/python3.12/site-packages/sqlalchemy/engine/base.py", line 3371, in _wrap_pool_connect
    return fn()
           ^^^^
  File "/home/airflow/.local/lib/python3.12/site-packages/sqlalchemy/pool/base.py", line 327, in connect
    return _ConnectionFairy._checkout(self)
           ^^^^^^^^^^^^^^^^^^^^^^^^^^^^^^^^
  File "/home/airflow/.local/lib/python3.12/site-packages/sqlalchemy/pool/base.py", line 894, in _checkout
    fairy = _ConnectionRecord.checkout(pool)
            ^^^^^^^^^^^^^^^^^^^^^^^^^^^^^^^^
  File "/home/airflow/.local/lib/python3.12/site-packages/sqlalchemy/pool/base.py", line 493, in checkout
    rec = pool._do_get()
          ^^^^^^^^^^^^^^
  File "/home/airflow/.local/lib/python3.12/site-packages/sqlalchemy/pool/impl.py", line 145, in _do_get
    with util.safe_reraise():
  File "/home/airflow/.local/lib/python3.12/site-packages/sqlalchemy/util/langhelpers.py", line 70, in __exit__
    compat.raise_(
  File "/home/airflow/.local/lib/python3.12/site-packages/sqlalchemy/util/compat.py", line 211, in raise_
    raise exception
  File "/home/airflow/.local/lib/python3.12/site-packages/sqlalchemy/pool/impl.py", line 143, in _do_get
    return self._create_connection()
           ^^^^^^^^^^^^^^^^^^^^^^^^^
  File "/home/airflow/.local/lib/python3.12/site-packages/sqlalchemy/pool/base.py", line 273, in _create_connection
    return _ConnectionRecord(self)
           ^^^^^^^^^^^^^^^^^^^^^^^
  File "/home/airflow/.local/lib/python3.12/site-packages/sqlalchemy/pool/base.py", line 388, in __init__
    self.__connect()
  File "/home/airflow/.local/lib/python3.12/site-packages/sqlalchemy/pool/base.py", line 690, in __connect
    with util.safe_reraise():
  File "/home/airflow/.local/lib/python3.12/site-packages/sqlalchemy/util/langhelpers.py", line 70, in __exit__
    compat.raise_(
  File "/home/airflow/.local/lib/python3.12/site-packages/sqlalchemy/util/compat.py", line 211, in raise_
    raise exception
  File "/home/airflow/.local/lib/python3.12/site-packages/sqlalchemy/pool/base.py", line 686, in __connect
    self.dbapi_connection = connection = pool._invoke_creator(self)
                                         ^^^^^^^^^^^^^^^^^^^^^^^^^^
  File "/home/airflow/.local/lib/python3.12/site-packages/sqlalchemy/engine/create.py", line 574, in connect
    return dialect.connect(*cargs, **cparams)
           ^^^^^^^^^^^^^^^^^^^^^^^^^^^^^^^^^^
  File "/home/airflow/.local/lib/python3.12/site-packages/sqlalchemy/engine/default.py", line 598, in connect
    return self.dbapi.connect(*cargs, **cparams)
           ^^^^^^^^^^^^^^^^^^^^^^^^^^^^^^^^^^^^^
  File "/home/airflow/.local/lib/python3.12/site-packages/psycopg2/__init__.py", line 122, in connect
    conn = _connect(dsn, connection_factory=connection_factory, **kwasync)
           ^^^^^^^^^^^^^^^^^^^^^^^^^^^^^^^^^^^^^^^^^^^^^^^^^^^^^^^^^^^^^^^
psycopg2.OperationalError: could not translate host name "postgres" to address: Temporary failure in name resolution


The above exception was the direct cause of the following exception:

Traceback (most recent call last):
  File "/home/airflow/.local/lib/python3.12/site-packages/airflow/dag_processing/processor.py", line 182, in _run_file_processor
    _handle_dag_file_processing()
  File "/home/airflow/.local/lib/python3.12/site-packages/airflow/dag_processing/processor.py", line 163, in _handle_dag_file_processing
    result: tuple[int, int] = dag_file_processor.process_file(
                              ^^^^^^^^^^^^^^^^^^^^^^^^^^^^^^^^
  File "/home/airflow/.local/lib/python3.12/site-packages/airflow/utils/session.py", line 79, in wrapper
    return func(*args, session=session, **kwargs)
           ^^^^^^^^^^^^^^^^^^^^^^^^^^^^^^^^^^^^^^
  File "/home/airflow/.local/lib/python3.12/site-packages/airflow/dag_processing/processor.py", line 859, in process_file
    serialize_errors = DagFileProcessor.save_dag_to_db(
                       ^^^^^^^^^^^^^^^^^^^^^^^^^^^^^^^^
  File "/home/airflow/.local/lib/python3.12/site-packages/airflow/api_internal/internal_api_call.py", line 115, in wrapper
    return func(*args, **kwargs)
           ^^^^^^^^^^^^^^^^^^^^^
  File "/home/airflow/.local/lib/python3.12/site-packages/airflow/utils/session.py", line 79, in wrapper
    return func(*args, session=session, **kwargs)
           ^^^^^^^^^^^^^^^^^^^^^^^^^^^^^^^^^^^^^^
  File "/home/airflow/.local/lib/python3.12/site-packages/airflow/dag_processing/processor.py", line 895, in save_dag_to_db
    import_errors = DagBag._sync_to_db(dags=dags, processor_subdir=dag_directory, session=session)
                    ^^^^^^^^^^^^^^^^^^^^^^^^^^^^^^^^^^^^^^^^^^^^^^^^^^^^^^^^^^^^^^^^^^^^^^^^^^^^^^
  File "/home/airflow/.local/lib/python3.12/site-packages/airflow/utils/session.py", line 76, in wrapper
    return func(*args, **kwargs)
           ^^^^^^^^^^^^^^^^^^^^^
  File "/home/airflow/.local/lib/python3.12/site-packages/airflow/models/dagbag.py", line 664, in _sync_to_db
    for attempt in run_with_db_retries(logger=log):
  File "/home/airflow/.local/lib/python3.12/site-packages/tenacity/__init__.py", line 443, in __iter__
    do = self.iter(retry_state=retry_state)
         ^^^^^^^^^^^^^^^^^^^^^^^^^^^^^^^^^^
  File "/home/airflow/.local/lib/python3.12/site-packages/tenacity/__init__.py", line 376, in iter
    result = action(retry_state)
             ^^^^^^^^^^^^^^^^^^^
  File "/home/airflow/.local/lib/python3.12/site-packages/tenacity/__init__.py", line 418, in exc_check
    raise retry_exc.reraise()
          ^^^^^^^^^^^^^^^^^^^
  File "/home/airflow/.local/lib/python3.12/site-packages/tenacity/__init__.py", line 185, in reraise
    raise self.last_attempt.result()
          ^^^^^^^^^^^^^^^^^^^^^^^^^^
  File "/usr/local/lib/python3.12/concurrent/futures/_base.py", line 449, in result
    return self.__get_result()
           ^^^^^^^^^^^^^^^^^^^
  File "/usr/local/lib/python3.12/concurrent/futures/_base.py", line 401, in __get_result
    raise self._exception
  File "/home/airflow/.local/lib/python3.12/site-packages/airflow/models/dagbag.py", line 677, in _sync_to_db
    _serialize_dag_capturing_errors(dag, session, processor_subdir)
  File "/home/airflow/.local/lib/python3.12/site-packages/airflow/models/dagbag.py", line 642, in _serialize_dag_capturing_errors
    dag_was_updated = SerializedDagModel.write_dag(
                      ^^^^^^^^^^^^^^^^^^^^^^^^^^^^^
  File "/home/airflow/.local/lib/python3.12/site-packages/airflow/utils/session.py", line 76, in wrapper
    return func(*args, **kwargs)
           ^^^^^^^^^^^^^^^^^^^^^
  File "/home/airflow/.local/lib/python3.12/site-packages/airflow/models/serialized_dag.py", line 158, in write_dag
    if session.scalar(
       ^^^^^^^^^^^^^^^
  File "/home/airflow/.local/lib/python3.12/site-packages/sqlalchemy/orm/session.py", line 1747, in scalar
    return self.execute(
           ^^^^^^^^^^^^^
  File "/home/airflow/.local/lib/python3.12/site-packages/sqlalchemy/orm/session.py", line 1716, in execute
    conn = self._connection_for_bind(bind)
           ^^^^^^^^^^^^^^^^^^^^^^^^^^^^^^^
  File "/home/airflow/.local/lib/python3.12/site-packages/sqlalchemy/orm/session.py", line 1555, in _connection_for_bind
    return self._transaction._connection_for_bind(
           ^^^^^^^^^^^^^^^^^^^^^^^^^^^^^^^^^^^^^^^
  File "/home/airflow/.local/lib/python3.12/site-packages/sqlalchemy/orm/session.py", line 750, in _connection_for_bind
    conn = bind.connect()
           ^^^^^^^^^^^^^^
  File "/home/airflow/.local/lib/python3.12/site-packages/sqlalchemy/future/engine.py", line 412, in connect
    return super(Engine, self).connect()
           ^^^^^^^^^^^^^^^^^^^^^^^^^^^^^
  File "/home/airflow/.local/lib/python3.12/site-packages/sqlalchemy/engine/base.py", line 3325, in connect
    return self._connection_cls(self, close_with_result=close_with_result)
           ^^^^^^^^^^^^^^^^^^^^^^^^^^^^^^^^^^^^^^^^^^^^^^^^^^^^^^^^^^^^^^^
  File "/home/airflow/.local/lib/python3.12/site-packages/sqlalchemy/engine/base.py", line 96, in __init__
    else engine.raw_connection()
         ^^^^^^^^^^^^^^^^^^^^^^^
  File "/home/airflow/.local/lib/python3.12/site-packages/sqlalchemy/engine/base.py", line 3404, in raw_connection
    return self._wrap_pool_connect(self.pool.connect, _connection)
           ^^^^^^^^^^^^^^^^^^^^^^^^^^^^^^^^^^^^^^^^^^^^^^^^^^^^^^^
  File "/home/airflow/.local/lib/python3.12/site-packages/sqlalchemy/engine/base.py", line 3374, in _wrap_pool_connect
    Connection._handle_dbapi_exception_noconnection(
  File "/home/airflow/.local/lib/python3.12/site-packages/sqlalchemy/engine/base.py", line 2208, in _handle_dbapi_exception_noconnection
    util.raise_(
  File "/home/airflow/.local/lib/python3.12/site-packages/sqlalchemy/util/compat.py", line 211, in raise_
    raise exception
  File "/home/airflow/.local/lib/python3.12/site-packages/sqlalchemy/engine/base.py", line 3371, in _wrap_pool_connect
    return fn()
           ^^^^
  File "/home/airflow/.local/lib/python3.12/site-packages/sqlalchemy/pool/base.py", line 327, in connect
    return _ConnectionFairy._checkout(self)
           ^^^^^^^^^^^^^^^^^^^^^^^^^^^^^^^^
  File "/home/airflow/.local/lib/python3.12/site-packages/sqlalchemy/pool/base.py", line 894, in _checkout
    fairy = _ConnectionRecord.checkout(pool)
            ^^^^^^^^^^^^^^^^^^^^^^^^^^^^^^^^
  File "/home/airflow/.local/lib/python3.12/site-packages/sqlalchemy/pool/base.py", line 493, in checkout
    rec = pool._do_get()
          ^^^^^^^^^^^^^^
  File "/home/airflow/.local/lib/python3.12/site-packages/sqlalchemy/pool/impl.py", line 145, in _do_get
    with util.safe_reraise():
  File "/home/airflow/.local/lib/python3.12/site-packages/sqlalchemy/util/langhelpers.py", line 70, in __exit__
    compat.raise_(
  File "/home/airflow/.local/lib/python3.12/site-packages/sqlalchemy/util/compat.py", line 211, in raise_
    raise exception
  File "/home/airflow/.local/lib/python3.12/site-packages/sqlalchemy/pool/impl.py", line 143, in _do_get
    return self._create_connection()
           ^^^^^^^^^^^^^^^^^^^^^^^^^
  File "/home/airflow/.local/lib/python3.12/site-packages/sqlalchemy/pool/base.py", line 273, in _create_connection
    return _ConnectionRecord(self)
           ^^^^^^^^^^^^^^^^^^^^^^^
  File "/home/airflow/.local/lib/python3.12/site-packages/sqlalchemy/pool/base.py", line 388, in __init__
    self.__connect()
  File "/home/airflow/.local/lib/python3.12/site-packages/sqlalchemy/pool/base.py", line 690, in __connect
    with util.safe_reraise():
  File "/home/airflow/.local/lib/python3.12/site-packages/sqlalchemy/util/langhelpers.py", line 70, in __exit__
    compat.raise_(
  File "/home/airflow/.local/lib/python3.12/site-packages/sqlalchemy/util/compat.py", line 211, in raise_
    raise exception
  File "/home/airflow/.local/lib/python3.12/site-packages/sqlalchemy/pool/base.py", line 686, in __connect
    self.dbapi_connection = connection = pool._invoke_creator(self)
                                         ^^^^^^^^^^^^^^^^^^^^^^^^^^
  File "/home/airflow/.local/lib/python3.12/site-packages/sqlalchemy/engine/create.py", line 574, in connect
    return dialect.connect(*cargs, **cparams)
           ^^^^^^^^^^^^^^^^^^^^^^^^^^^^^^^^^^
  File "/home/airflow/.local/lib/python3.12/site-packages/sqlalchemy/engine/default.py", line 598, in connect
    return self.dbapi.connect(*cargs, **cparams)
           ^^^^^^^^^^^^^^^^^^^^^^^^^^^^^^^^^^^^^
  File "/home/airflow/.local/lib/python3.12/site-packages/psycopg2/__init__.py", line 122, in connect
    conn = _connect(dsn, connection_factory=connection_factory, **kwasync)
           ^^^^^^^^^^^^^^^^^^^^^^^^^^^^^^^^^^^^^^^^^^^^^^^^^^^^^^^^^^^^^^^
sqlalchemy.exc.OperationalError: (psycopg2.OperationalError) could not translate host name "postgres" to address: Temporary failure in name resolution

(Background on this error at: https://sqlalche.me/e/14/e3q8)
[2026-07-10T00:03:25.715+0000] {processor.py:161} INFO - Started process (PID=283) to work on /opt/airflow/dags/pipeline_bet.py
[2026-07-10T00:03:25.720+0000] {processor.py:830} INFO - Processing file /opt/airflow/dags/pipeline_bet.py for tasks to queue
[2026-07-10T00:03:25.743+0000] {logging_mixin.py:188} INFO - [2026-07-10T00:03:25.739+0000] {dagbag.py:545} INFO - Filling up the DagBag from /opt/airflow/dags/pipeline_bet.py
[2026-07-10T00:03:25.857+0000] {processor.py:840} INFO - DAG(s) 'pipeline_bets' retrieved from /opt/airflow/dags/pipeline_bet.py
[2026-07-10T00:03:26.297+0000] {logging_mixin.py:188} INFO - [2026-07-10T00:03:26.297+0000] {dag.py:3089} INFO - Sync 1 DAGs
[2026-07-10T00:03:26.393+0000] {logging_mixin.py:188} INFO - [2026-07-10T00:03:26.393+0000] {dag.py:3947} INFO - Setting next_dagrun for pipeline_bets to 2026-07-10 00:00:00+00:00, run_after=2026-07-11 00:00:00+00:00
[2026-07-10T00:03:26.445+0000] {processor.py:183} INFO - Processing /opt/airflow/dags/pipeline_bet.py took 0.815 seconds
[2026-07-10T00:03:56.711+0000] {processor.py:161} INFO - Started process (PID=288) to work on /opt/airflow/dags/pipeline_bet.py
[2026-07-10T00:03:56.712+0000] {processor.py:830} INFO - Processing file /opt/airflow/dags/pipeline_bet.py for tasks to queue
[2026-07-10T00:03:56.714+0000] {logging_mixin.py:188} INFO - [2026-07-10T00:03:56.713+0000] {dagbag.py:545} INFO - Filling up the DagBag from /opt/airflow/dags/pipeline_bet.py
[2026-07-10T00:03:56.749+0000] {processor.py:840} INFO - DAG(s) 'pipeline_bets' retrieved from /opt/airflow/dags/pipeline_bet.py
[2026-07-10T00:03:56.906+0000] {logging_mixin.py:188} INFO - [2026-07-10T00:03:56.906+0000] {dag.py:3089} INFO - Sync 1 DAGs
[2026-07-10T00:03:56.938+0000] {logging_mixin.py:188} INFO - [2026-07-10T00:03:56.937+0000] {dag.py:3947} INFO - Setting next_dagrun for pipeline_bets to 2026-07-10 00:00:00+00:00, run_after=2026-07-11 00:00:00+00:00
[2026-07-10T00:03:56.959+0000] {processor.py:183} INFO - Processing /opt/airflow/dags/pipeline_bet.py took 0.268 seconds
[2026-07-10T00:04:28.512+0000] {processor.py:161} INFO - Started process (PID=293) to work on /opt/airflow/dags/pipeline_bet.py
[2026-07-10T00:04:28.522+0000] {processor.py:830} INFO - Processing file /opt/airflow/dags/pipeline_bet.py for tasks to queue
[2026-07-10T00:04:28.601+0000] {logging_mixin.py:188} INFO - [2026-07-10T00:04:28.593+0000] {dagbag.py:545} INFO - Filling up the DagBag from /opt/airflow/dags/pipeline_bet.py
[2026-07-10T00:04:29.210+0000] {processor.py:840} INFO - DAG(s) 'pipeline_bets' retrieved from /opt/airflow/dags/pipeline_bet.py
[2026-07-10T00:04:36.897+0000] {logging_mixin.py:188} INFO - [2026-07-10T00:04:36.887+0000] {dag.py:3089} INFO - Sync 1 DAGs
[2026-07-10T00:04:37.031+0000] {logging_mixin.py:188} INFO - [2026-07-10T00:04:37.031+0000] {dag.py:3947} INFO - Setting next_dagrun for pipeline_bets to 2026-07-10 00:00:00+00:00, run_after=2026-07-11 00:00:00+00:00
[2026-07-10T00:04:37.098+0000] {processor.py:183} INFO - Processing /opt/airflow/dags/pipeline_bet.py took 8.845 seconds
[2026-07-10T00:05:07.551+0000] {processor.py:161} INFO - Started process (PID=298) to work on /opt/airflow/dags/pipeline_bet.py
[2026-07-10T00:05:07.566+0000] {processor.py:830} INFO - Processing file /opt/airflow/dags/pipeline_bet.py for tasks to queue
[2026-07-10T00:05:08.414+0000] {logging_mixin.py:188} INFO - [2026-07-10T00:05:08.364+0000] {dagbag.py:545} INFO - Filling up the DagBag from /opt/airflow/dags/pipeline_bet.py
[2026-07-10T00:05:09.122+0000] {processor.py:840} INFO - DAG(s) 'pipeline_bets' retrieved from /opt/airflow/dags/pipeline_bet.py
[2026-07-10T00:05:11.525+0000] {logging_mixin.py:188} INFO - [2026-07-10T00:05:11.498+0000] {dag.py:3089} INFO - Sync 1 DAGs
[2026-07-10T00:05:18.375+0000] {logging_mixin.py:188} INFO - [2026-07-10T00:05:18.194+0000] {dag.py:3947} INFO - Setting next_dagrun for pipeline_bets to 2026-07-10 00:00:00+00:00, run_after=2026-07-11 00:00:00+00:00
[2026-07-10T00:06:07.574+0000] {processor.py:183} INFO - Processing /opt/airflow/dags/pipeline_bet.py took 60.109 seconds
[2026-07-10T00:06:38.309+0000] {processor.py:161} INFO - Started process (PID=302) to work on /opt/airflow/dags/pipeline_bet.py
[2026-07-10T00:06:38.311+0000] {processor.py:830} INFO - Processing file /opt/airflow/dags/pipeline_bet.py for tasks to queue
[2026-07-10T00:06:38.324+0000] {logging_mixin.py:188} INFO - [2026-07-10T00:06:38.324+0000] {dagbag.py:545} INFO - Filling up the DagBag from /opt/airflow/dags/pipeline_bet.py
[2026-07-10T00:06:38.391+0000] {processor.py:840} INFO - DAG(s) 'pipeline_bets' retrieved from /opt/airflow/dags/pipeline_bet.py
[2026-07-10T00:06:38.582+0000] {logging_mixin.py:188} INFO - [2026-07-10T00:06:38.582+0000] {dag.py:3089} INFO - Sync 1 DAGs
[2026-07-10T00:06:38.614+0000] {logging_mixin.py:188} INFO - [2026-07-10T00:06:38.614+0000] {dag.py:3947} INFO - Setting next_dagrun for pipeline_bets to 2026-07-10 00:00:00+00:00, run_after=2026-07-11 00:00:00+00:00
[2026-07-10T00:06:38.641+0000] {processor.py:183} INFO - Processing /opt/airflow/dags/pipeline_bet.py took 0.360 seconds
[2026-07-10T00:07:30.678+0000] {processor.py:161} INFO - Started process (PID=307) to work on /opt/airflow/dags/pipeline_bet.py
[2026-07-10T00:07:32.047+0000] {processor.py:830} INFO - Processing file /opt/airflow/dags/pipeline_bet.py for tasks to queue
[2026-07-10T00:07:32.654+0000] {logging_mixin.py:188} INFO - [2026-07-10T00:07:32.503+0000] {dagbag.py:545} INFO - Filling up the DagBag from /opt/airflow/dags/pipeline_bet.py
[2026-07-10T00:07:39.088+0000] {processor.py:840} INFO - DAG(s) 'pipeline_bets' retrieved from /opt/airflow/dags/pipeline_bet.py
[2026-07-10T00:08:02.090+0000] {logging_mixin.py:188} INFO - [2026-07-10T00:08:02.083+0000] {dag.py:3089} INFO - Sync 1 DAGs
[2026-07-10T00:08:02.171+0000] {logging_mixin.py:188} INFO - [2026-07-10T00:08:02.171+0000] {dag.py:3947} INFO - Setting next_dagrun for pipeline_bets to 2026-07-10 00:00:00+00:00, run_after=2026-07-11 00:00:00+00:00
[2026-07-10T00:08:02.237+0000] {processor.py:183} INFO - Processing /opt/airflow/dags/pipeline_bet.py took 34.869 seconds
