[2026-07-15T01:05:26.245+0000] {local_task_job_runner.py:120} INFO - ::group::Pre task execution logs
[2026-07-15T01:05:27.162+0000] {taskinstance.py:2076} INFO - Dependencies all met for dep_context=non-requeueable deps ti=<TaskInstance: pipeline_bets.bronze_coletar_odds manual__2026-07-15T00:46:13.731859+00:00 [queued]>
[2026-07-15T01:05:27.216+0000] {taskinstance.py:2076} INFO - Dependencies all met for dep_context=requeueable deps ti=<TaskInstance: pipeline_bets.bronze_coletar_odds manual__2026-07-15T00:46:13.731859+00:00 [queued]>
[2026-07-15T01:05:27.217+0000] {taskinstance.py:2306} INFO - Starting attempt 2 of 2
[2026-07-15T01:05:27.272+0000] {taskinstance.py:2330} INFO - Executing <Task(BashOperator): bronze_coletar_odds> on 2026-07-15 00:46:13.731859+00:00
[2026-07-15T01:05:27.311+0000] {logging_mixin.py:188} WARNING - /home/***/.local/lib/python3.12/site-packages/***/task/task_runner/standard_task_runner.py:62 DeprecationWarning: This process (pid=459) is multi-threaded, use of fork() may lead to deadlocks in the child.
[2026-07-15T01:05:27.315+0000] {standard_task_runner.py:64} INFO - Started process 460 to run task
[2026-07-15T01:05:27.379+0000] {standard_task_runner.py:90} INFO - Running: ['***', 'tasks', 'run', 'pipeline_bets', 'bronze_coletar_odds', 'manual__2026-07-15T00:46:13.731859+00:00', '--job-id', '50', '--raw', '--subdir', 'DAGS_FOLDER/pipeline_bets.py', '--cfg-path', '/tmp/tmpk265l4u4']
[2026-07-15T01:05:27.467+0000] {standard_task_runner.py:91} INFO - Job 50: Subtask bronze_coletar_odds
[2026-07-15T01:05:30.526+0000] {task_command.py:426} INFO - Running <TaskInstance: pipeline_bets.bronze_coletar_odds manual__2026-07-15T00:46:13.731859+00:00 [running]> on host 71ef641afc7b
[2026-07-15T01:05:34.071+0000] {taskinstance.py:2648} INFO - Exporting env vars: AIRFLOW_CTX_DAG_OWNER='lucas' AIRFLOW_CTX_DAG_ID='pipeline_bets' AIRFLOW_CTX_TASK_ID='bronze_coletar_odds' AIRFLOW_CTX_EXECUTION_DATE='2026-07-15T00:46:13.731859+00:00' AIRFLOW_CTX_TRY_NUMBER='2' AIRFLOW_CTX_DAG_RUN_ID='manual__2026-07-15T00:46:13.731859+00:00'
[2026-07-15T01:05:34.078+0000] {taskinstance.py:430} INFO - ::endgroup::
[2026-07-15T01:05:34.660+0000] {subprocess.py:63} INFO - Tmp dir root location: /tmp
[2026-07-15T01:05:34.733+0000] {subprocess.py:75} INFO - Running command: ['/usr/bin/bash', '-c', 'cd /opt/*** && python ../codigo-fonte/ingestao/coletar_odds.py']
[2026-07-15T01:05:34.962+0000] {subprocess.py:86} INFO - Output:
[2026-07-15T01:05:37.717+0000] {subprocess.py:93} INFO - python: can't open file '/opt/***/../codigo-fonte/ingestao/coletar_odds.py': [Errno 2] No such file or directory
[2026-07-15T01:05:37.750+0000] {subprocess.py:97} INFO - Command exited with return code 2
[2026-07-15T01:05:37.780+0000] {taskinstance.py:441} INFO - ::group::Post task execution logs
[2026-07-15T01:05:38.197+0000] {taskinstance.py:2905} ERROR - Task failed with exception
Traceback (most recent call last):
  File "/home/airflow/.local/lib/python3.12/site-packages/airflow/models/taskinstance.py", line 465, in _execute_task
    result = _execute_callable(context=context, **execute_callable_kwargs)
             ^^^^^^^^^^^^^^^^^^^^^^^^^^^^^^^^^^^^^^^^^^^^^^^^^^^^^^^^^^^^^
  File "/home/airflow/.local/lib/python3.12/site-packages/airflow/models/taskinstance.py", line 432, in _execute_callable
    return execute_callable(context=context, **execute_callable_kwargs)
           ^^^^^^^^^^^^^^^^^^^^^^^^^^^^^^^^^^^^^^^^^^^^^^^^^^^^^^^^^^^^
  File "/home/airflow/.local/lib/python3.12/site-packages/airflow/models/baseoperator.py", line 401, in wrapper
    return func(self, *args, **kwargs)
           ^^^^^^^^^^^^^^^^^^^^^^^^^^^
  File "/home/airflow/.local/lib/python3.12/site-packages/airflow/operators/bash.py", line 243, in execute
    raise AirflowException(
airflow.exceptions.AirflowException: Bash command failed. The command returned a non-zero exit code 2.
[2026-07-15T01:05:38.321+0000] {taskinstance.py:1206} INFO - Marking task as FAILED. dag_id=pipeline_bets, task_id=bronze_coletar_odds, run_id=manual__2026-07-15T00:46:13.731859+00:00, execution_date=20260715T004613, start_date=20260715T010527, end_date=20260715T010538
[2026-07-15T01:05:38.583+0000] {standard_task_runner.py:110} ERROR - Failed to execute job 50 for task bronze_coletar_odds (Bash command failed. The command returned a non-zero exit code 2.; 460)
[2026-07-15T01:05:39.558+0000] {local_task_job_runner.py:243} INFO - Task exited with return code 1
[2026-07-15T01:05:40.152+0000] {taskinstance.py:3503} INFO - 0 downstream tasks scheduled from follow-on schedule check
[2026-07-15T01:05:40.187+0000] {local_task_job_runner.py:222} INFO - ::endgroup::
