[2026-07-09T23:35:46.124+0000] {processor.py:161} INFO - Started process (PID=266) to work on /opt/airflow/dags/pipeline_bet.py
[2026-07-09T23:35:46.127+0000] {processor.py:830} INFO - Processing file /opt/airflow/dags/pipeline_bet.py for tasks to queue
[2026-07-09T23:35:46.133+0000] {logging_mixin.py:188} INFO - [2026-07-09T23:35:46.129+0000] {dagbag.py:545} INFO - Filling up the DagBag from /opt/airflow/dags/pipeline_bet.py
[2026-07-09T23:35:46.651+0000] {processor.py:840} INFO - DAG(s) 'pipeline_bets' retrieved from /opt/airflow/dags/pipeline_bet.py
[2026-07-09T23:35:48.228+0000] {logging_mixin.py:188} INFO - [2026-07-09T23:35:48.227+0000] {override.py:1858} INFO - Created Permission View: can edit on DAG:pipeline_bets
[2026-07-09T23:35:48.254+0000] {logging_mixin.py:188} INFO - [2026-07-09T23:35:48.253+0000] {override.py:1858} INFO - Created Permission View: can delete on DAG:pipeline_bets
[2026-07-09T23:35:48.261+0000] {logging_mixin.py:188} INFO - [2026-07-09T23:35:48.261+0000] {override.py:1858} INFO - Created Permission View: can read on DAG:pipeline_bets
[2026-07-09T23:35:48.263+0000] {logging_mixin.py:188} INFO - [2026-07-09T23:35:48.263+0000] {dag.py:3089} INFO - Sync 1 DAGs
[2026-07-09T23:35:48.331+0000] {logging_mixin.py:188} INFO - [2026-07-09T23:35:48.330+0000] {dag.py:3111} INFO - Creating ORM DAG for pipeline_bets
[2026-07-09T23:35:48.403+0000] {logging_mixin.py:188} INFO - [2026-07-09T23:35:48.402+0000] {dag.py:3947} INFO - Setting next_dagrun for pipeline_bets to 2026-07-08 00:00:00+00:00, run_after=2026-07-09 00:00:00+00:00
[2026-07-09T23:35:48.473+0000] {processor.py:183} INFO - Processing /opt/airflow/dags/pipeline_bet.py took 2.411 seconds
[2026-07-09T23:36:18.692+0000] {processor.py:161} INFO - Started process (PID=271) to work on /opt/airflow/dags/pipeline_bet.py
[2026-07-09T23:36:18.693+0000] {processor.py:830} INFO - Processing file /opt/airflow/dags/pipeline_bet.py for tasks to queue
[2026-07-09T23:36:18.695+0000] {logging_mixin.py:188} INFO - [2026-07-09T23:36:18.694+0000] {dagbag.py:545} INFO - Filling up the DagBag from /opt/airflow/dags/pipeline_bet.py
[2026-07-09T23:36:18.707+0000] {processor.py:840} INFO - DAG(s) 'pipeline_bets' retrieved from /opt/airflow/dags/pipeline_bet.py
[2026-07-09T23:36:18.792+0000] {logging_mixin.py:188} INFO - [2026-07-09T23:36:18.791+0000] {dag.py:3089} INFO - Sync 1 DAGs
[2026-07-09T23:36:18.819+0000] {logging_mixin.py:188} INFO - [2026-07-09T23:36:18.818+0000] {dag.py:3947} INFO - Setting next_dagrun for pipeline_bets to 2026-07-08 00:00:00+00:00, run_after=2026-07-09 00:00:00+00:00
[2026-07-09T23:36:18.844+0000] {processor.py:183} INFO - Processing /opt/airflow/dags/pipeline_bet.py took 0.158 seconds
[2026-07-09T23:37:11.794+0000] {processor.py:161} INFO - Started process (PID=159) to work on /opt/airflow/dags/pipeline_bet.py
[2026-07-09T23:37:11.798+0000] {processor.py:830} INFO - Processing file /opt/airflow/dags/pipeline_bet.py for tasks to queue
[2026-07-09T23:37:11.806+0000] {logging_mixin.py:188} INFO - [2026-07-09T23:37:11.805+0000] {dagbag.py:545} INFO - Filling up the DagBag from /opt/airflow/dags/pipeline_bet.py
[2026-07-09T23:37:11.856+0000] {processor.py:840} INFO - DAG(s) 'pipeline_bets' retrieved from /opt/airflow/dags/pipeline_bet.py
[2026-07-09T23:37:11.960+0000] {logging_mixin.py:188} INFO - [2026-07-09T23:37:11.960+0000] {dag.py:3089} INFO - Sync 1 DAGs
[2026-07-09T23:37:12.019+0000] {logging_mixin.py:188} INFO - [2026-07-09T23:37:12.018+0000] {dag.py:3947} INFO - Setting next_dagrun for pipeline_bets to 2026-07-08 00:00:00+00:00, run_after=2026-07-09 00:00:00+00:00
[2026-07-09T23:37:12.051+0000] {processor.py:183} INFO - Processing /opt/airflow/dags/pipeline_bet.py took 0.288 seconds
[2026-07-09T23:37:42.105+0000] {processor.py:161} INFO - Started process (PID=165) to work on /opt/airflow/dags/pipeline_bet.py
[2026-07-09T23:37:42.106+0000] {processor.py:830} INFO - Processing file /opt/airflow/dags/pipeline_bet.py for tasks to queue
[2026-07-09T23:37:42.109+0000] {logging_mixin.py:188} INFO - [2026-07-09T23:37:42.108+0000] {dagbag.py:545} INFO - Filling up the DagBag from /opt/airflow/dags/pipeline_bet.py
[2026-07-09T23:37:42.129+0000] {processor.py:840} INFO - DAG(s) 'pipeline_bets' retrieved from /opt/airflow/dags/pipeline_bet.py
[2026-07-09T23:37:42.167+0000] {logging_mixin.py:188} INFO - [2026-07-09T23:37:42.167+0000] {dag.py:3089} INFO - Sync 1 DAGs
[2026-07-09T23:37:42.193+0000] {logging_mixin.py:188} INFO - [2026-07-09T23:37:42.192+0000] {dag.py:3947} INFO - Setting next_dagrun for pipeline_bets to 2026-07-08 00:00:00+00:00, run_after=2026-07-09 00:00:00+00:00
[2026-07-09T23:37:42.211+0000] {processor.py:183} INFO - Processing /opt/airflow/dags/pipeline_bet.py took 0.113 seconds
[2026-07-09T23:38:12.438+0000] {processor.py:161} INFO - Started process (PID=170) to work on /opt/airflow/dags/pipeline_bet.py
[2026-07-09T23:38:12.440+0000] {processor.py:830} INFO - Processing file /opt/airflow/dags/pipeline_bet.py for tasks to queue
[2026-07-09T23:38:12.442+0000] {logging_mixin.py:188} INFO - [2026-07-09T23:38:12.442+0000] {dagbag.py:545} INFO - Filling up the DagBag from /opt/airflow/dags/pipeline_bet.py
[2026-07-09T23:38:12.512+0000] {processor.py:840} INFO - DAG(s) 'pipeline_bets' retrieved from /opt/airflow/dags/pipeline_bet.py
[2026-07-09T23:38:12.590+0000] {logging_mixin.py:188} INFO - [2026-07-09T23:38:12.590+0000] {dag.py:3089} INFO - Sync 1 DAGs
[2026-07-09T23:38:12.616+0000] {logging_mixin.py:188} INFO - [2026-07-09T23:38:12.616+0000] {dag.py:3947} INFO - Setting next_dagrun for pipeline_bets to 2026-07-08 00:00:00+00:00, run_after=2026-07-09 00:00:00+00:00
[2026-07-09T23:38:12.636+0000] {processor.py:183} INFO - Processing /opt/airflow/dags/pipeline_bet.py took 0.216 seconds
[2026-07-09T23:38:42.808+0000] {processor.py:161} INFO - Started process (PID=175) to work on /opt/airflow/dags/pipeline_bet.py
[2026-07-09T23:38:42.810+0000] {processor.py:830} INFO - Processing file /opt/airflow/dags/pipeline_bet.py for tasks to queue
[2026-07-09T23:38:42.811+0000] {logging_mixin.py:188} INFO - [2026-07-09T23:38:42.811+0000] {dagbag.py:545} INFO - Filling up the DagBag from /opt/airflow/dags/pipeline_bet.py
[2026-07-09T23:38:42.823+0000] {processor.py:840} INFO - DAG(s) 'pipeline_bets' retrieved from /opt/airflow/dags/pipeline_bet.py
[2026-07-09T23:38:42.873+0000] {logging_mixin.py:188} INFO - [2026-07-09T23:38:42.872+0000] {dag.py:3089} INFO - Sync 1 DAGs
[2026-07-09T23:38:42.905+0000] {logging_mixin.py:188} INFO - [2026-07-09T23:38:42.905+0000] {dag.py:3947} INFO - Setting next_dagrun for pipeline_bets to 2026-07-08 00:00:00+00:00, run_after=2026-07-09 00:00:00+00:00
[2026-07-09T23:38:42.928+0000] {processor.py:183} INFO - Processing /opt/airflow/dags/pipeline_bet.py took 0.125 seconds
[2026-07-09T23:39:12.972+0000] {processor.py:161} INFO - Started process (PID=180) to work on /opt/airflow/dags/pipeline_bet.py
[2026-07-09T23:39:12.973+0000] {processor.py:830} INFO - Processing file /opt/airflow/dags/pipeline_bet.py for tasks to queue
[2026-07-09T23:39:12.976+0000] {logging_mixin.py:188} INFO - [2026-07-09T23:39:12.975+0000] {dagbag.py:545} INFO - Filling up the DagBag from /opt/airflow/dags/pipeline_bet.py
[2026-07-09T23:39:12.995+0000] {processor.py:840} INFO - DAG(s) 'pipeline_bets' retrieved from /opt/airflow/dags/pipeline_bet.py
[2026-07-09T23:39:13.028+0000] {logging_mixin.py:188} INFO - [2026-07-09T23:39:13.028+0000] {dag.py:3089} INFO - Sync 1 DAGs
[2026-07-09T23:39:13.063+0000] {logging_mixin.py:188} INFO - [2026-07-09T23:39:13.063+0000] {dag.py:3947} INFO - Setting next_dagrun for pipeline_bets to 2026-07-08 00:00:00+00:00, run_after=2026-07-09 00:00:00+00:00
[2026-07-09T23:39:13.087+0000] {processor.py:183} INFO - Processing /opt/airflow/dags/pipeline_bet.py took 0.125 seconds
[2026-07-09T23:39:43.374+0000] {processor.py:161} INFO - Started process (PID=185) to work on /opt/airflow/dags/pipeline_bet.py
[2026-07-09T23:39:43.378+0000] {processor.py:830} INFO - Processing file /opt/airflow/dags/pipeline_bet.py for tasks to queue
[2026-07-09T23:39:43.400+0000] {logging_mixin.py:188} INFO - [2026-07-09T23:39:43.398+0000] {dagbag.py:545} INFO - Filling up the DagBag from /opt/airflow/dags/pipeline_bet.py
[2026-07-09T23:39:43.522+0000] {processor.py:840} INFO - DAG(s) 'pipeline_bets' retrieved from /opt/airflow/dags/pipeline_bet.py
[2026-07-09T23:39:43.579+0000] {logging_mixin.py:188} INFO - [2026-07-09T23:39:43.579+0000] {dag.py:3089} INFO - Sync 1 DAGs
[2026-07-09T23:39:43.686+0000] {logging_mixin.py:188} INFO - [2026-07-09T23:39:43.686+0000] {dag.py:3947} INFO - Setting next_dagrun for pipeline_bets to 2026-07-08 00:00:00+00:00, run_after=2026-07-09 00:00:00+00:00
[2026-07-09T23:39:43.726+0000] {processor.py:183} INFO - Processing /opt/airflow/dags/pipeline_bet.py took 0.410 seconds
[2026-07-09T23:40:13.912+0000] {processor.py:161} INFO - Started process (PID=190) to work on /opt/airflow/dags/pipeline_bet.py
[2026-07-09T23:40:13.912+0000] {processor.py:830} INFO - Processing file /opt/airflow/dags/pipeline_bet.py for tasks to queue
[2026-07-09T23:40:13.916+0000] {logging_mixin.py:188} INFO - [2026-07-09T23:40:13.916+0000] {dagbag.py:545} INFO - Filling up the DagBag from /opt/airflow/dags/pipeline_bet.py
[2026-07-09T23:40:13.934+0000] {processor.py:840} INFO - DAG(s) 'pipeline_bets' retrieved from /opt/airflow/dags/pipeline_bet.py
[2026-07-09T23:40:14.376+0000] {logging_mixin.py:188} INFO - [2026-07-09T23:40:14.376+0000] {dag.py:3089} INFO - Sync 1 DAGs
[2026-07-09T23:40:14.400+0000] {logging_mixin.py:188} INFO - [2026-07-09T23:40:14.400+0000] {dag.py:3947} INFO - Setting next_dagrun for pipeline_bets to 2026-07-08 00:00:00+00:00, run_after=2026-07-09 00:00:00+00:00
[2026-07-09T23:40:14.423+0000] {processor.py:183} INFO - Processing /opt/airflow/dags/pipeline_bet.py took 0.517 seconds
[2026-07-09T23:40:44.750+0000] {processor.py:161} INFO - Started process (PID=195) to work on /opt/airflow/dags/pipeline_bet.py
[2026-07-09T23:40:44.753+0000] {processor.py:830} INFO - Processing file /opt/airflow/dags/pipeline_bet.py for tasks to queue
[2026-07-09T23:40:44.762+0000] {logging_mixin.py:188} INFO - [2026-07-09T23:40:44.760+0000] {dagbag.py:545} INFO - Filling up the DagBag from /opt/airflow/dags/pipeline_bet.py
[2026-07-09T23:40:44.809+0000] {processor.py:840} INFO - DAG(s) 'pipeline_bets' retrieved from /opt/airflow/dags/pipeline_bet.py
[2026-07-09T23:40:44.919+0000] {logging_mixin.py:188} INFO - [2026-07-09T23:40:44.919+0000] {dag.py:3089} INFO - Sync 1 DAGs
[2026-07-09T23:40:44.968+0000] {logging_mixin.py:188} INFO - [2026-07-09T23:40:44.967+0000] {dag.py:3947} INFO - Setting next_dagrun for pipeline_bets to 2026-07-08 00:00:00+00:00, run_after=2026-07-09 00:00:00+00:00
[2026-07-09T23:40:44.997+0000] {processor.py:183} INFO - Processing /opt/airflow/dags/pipeline_bet.py took 0.273 seconds
[2026-07-09T23:41:15.185+0000] {processor.py:161} INFO - Started process (PID=200) to work on /opt/airflow/dags/pipeline_bet.py
[2026-07-09T23:41:15.186+0000] {processor.py:830} INFO - Processing file /opt/airflow/dags/pipeline_bet.py for tasks to queue
[2026-07-09T23:41:15.188+0000] {logging_mixin.py:188} INFO - [2026-07-09T23:41:15.188+0000] {dagbag.py:545} INFO - Filling up the DagBag from /opt/airflow/dags/pipeline_bet.py
[2026-07-09T23:41:15.198+0000] {processor.py:840} INFO - DAG(s) 'pipeline_bets' retrieved from /opt/airflow/dags/pipeline_bet.py
[2026-07-09T23:41:15.246+0000] {logging_mixin.py:188} INFO - [2026-07-09T23:41:15.245+0000] {dag.py:3089} INFO - Sync 1 DAGs
[2026-07-09T23:41:15.268+0000] {logging_mixin.py:188} INFO - [2026-07-09T23:41:15.268+0000] {dag.py:3947} INFO - Setting next_dagrun for pipeline_bets to 2026-07-08 00:00:00+00:00, run_after=2026-07-09 00:00:00+00:00
[2026-07-09T23:41:15.285+0000] {processor.py:183} INFO - Processing /opt/airflow/dags/pipeline_bet.py took 0.105 seconds
[2026-07-09T23:41:45.358+0000] {processor.py:161} INFO - Started process (PID=205) to work on /opt/airflow/dags/pipeline_bet.py
[2026-07-09T23:41:45.360+0000] {processor.py:830} INFO - Processing file /opt/airflow/dags/pipeline_bet.py for tasks to queue
[2026-07-09T23:41:45.361+0000] {logging_mixin.py:188} INFO - [2026-07-09T23:41:45.361+0000] {dagbag.py:545} INFO - Filling up the DagBag from /opt/airflow/dags/pipeline_bet.py
[2026-07-09T23:41:45.371+0000] {processor.py:840} INFO - DAG(s) 'pipeline_bets' retrieved from /opt/airflow/dags/pipeline_bet.py
[2026-07-09T23:41:45.401+0000] {logging_mixin.py:188} INFO - [2026-07-09T23:41:45.401+0000] {dag.py:3089} INFO - Sync 1 DAGs
[2026-07-09T23:41:45.422+0000] {logging_mixin.py:188} INFO - [2026-07-09T23:41:45.422+0000] {dag.py:3947} INFO - Setting next_dagrun for pipeline_bets to 2026-07-08 00:00:00+00:00, run_after=2026-07-09 00:00:00+00:00
[2026-07-09T23:41:45.440+0000] {processor.py:183} INFO - Processing /opt/airflow/dags/pipeline_bet.py took 0.094 seconds
[2026-07-09T23:42:15.651+0000] {processor.py:161} INFO - Started process (PID=217) to work on /opt/airflow/dags/pipeline_bet.py
[2026-07-09T23:42:15.652+0000] {processor.py:830} INFO - Processing file /opt/airflow/dags/pipeline_bet.py for tasks to queue
[2026-07-09T23:42:15.653+0000] {logging_mixin.py:188} INFO - [2026-07-09T23:42:15.653+0000] {dagbag.py:545} INFO - Filling up the DagBag from /opt/airflow/dags/pipeline_bet.py
[2026-07-09T23:42:15.667+0000] {processor.py:840} INFO - DAG(s) 'pipeline_bets' retrieved from /opt/airflow/dags/pipeline_bet.py
[2026-07-09T23:42:15.697+0000] {logging_mixin.py:188} INFO - [2026-07-09T23:42:15.696+0000] {dag.py:3089} INFO - Sync 1 DAGs
[2026-07-09T23:42:15.719+0000] {logging_mixin.py:188} INFO - [2026-07-09T23:42:15.719+0000] {dag.py:3947} INFO - Setting next_dagrun for pipeline_bets to 2026-07-08 00:00:00+00:00, run_after=2026-07-09 00:00:00+00:00
[2026-07-09T23:42:15.741+0000] {processor.py:183} INFO - Processing /opt/airflow/dags/pipeline_bet.py took 0.094 seconds
[2026-07-09T23:42:45.851+0000] {processor.py:161} INFO - Started process (PID=222) to work on /opt/airflow/dags/pipeline_bet.py
[2026-07-09T23:42:45.852+0000] {processor.py:830} INFO - Processing file /opt/airflow/dags/pipeline_bet.py for tasks to queue
[2026-07-09T23:42:45.854+0000] {logging_mixin.py:188} INFO - [2026-07-09T23:42:45.854+0000] {dagbag.py:545} INFO - Filling up the DagBag from /opt/airflow/dags/pipeline_bet.py
[2026-07-09T23:42:45.865+0000] {processor.py:840} INFO - DAG(s) 'pipeline_bets' retrieved from /opt/airflow/dags/pipeline_bet.py
[2026-07-09T23:42:45.899+0000] {logging_mixin.py:188} INFO - [2026-07-09T23:42:45.899+0000] {dag.py:3089} INFO - Sync 1 DAGs
[2026-07-09T23:42:45.929+0000] {logging_mixin.py:188} INFO - [2026-07-09T23:42:45.929+0000] {dag.py:3947} INFO - Setting next_dagrun for pipeline_bets to 2026-07-08 00:00:00+00:00, run_after=2026-07-09 00:00:00+00:00
[2026-07-09T23:42:45.961+0000] {processor.py:183} INFO - Processing /opt/airflow/dags/pipeline_bet.py took 0.116 seconds
[2026-07-09T23:43:16.116+0000] {processor.py:161} INFO - Started process (PID=227) to work on /opt/airflow/dags/pipeline_bet.py
[2026-07-09T23:43:16.117+0000] {processor.py:830} INFO - Processing file /opt/airflow/dags/pipeline_bet.py for tasks to queue
[2026-07-09T23:43:16.119+0000] {logging_mixin.py:188} INFO - [2026-07-09T23:43:16.118+0000] {dagbag.py:545} INFO - Filling up the DagBag from /opt/airflow/dags/pipeline_bet.py
[2026-07-09T23:43:16.129+0000] {processor.py:840} INFO - DAG(s) 'pipeline_bets' retrieved from /opt/airflow/dags/pipeline_bet.py
[2026-07-09T23:43:16.157+0000] {logging_mixin.py:188} INFO - [2026-07-09T23:43:16.157+0000] {dag.py:3089} INFO - Sync 1 DAGs
[2026-07-09T23:43:16.186+0000] {logging_mixin.py:188} INFO - [2026-07-09T23:43:16.186+0000] {dag.py:3947} INFO - Setting next_dagrun for pipeline_bets to 2026-07-08 00:00:00+00:00, run_after=2026-07-09 00:00:00+00:00
[2026-07-09T23:43:16.212+0000] {processor.py:183} INFO - Processing /opt/airflow/dags/pipeline_bet.py took 0.102 seconds
[2026-07-09T23:43:46.324+0000] {processor.py:161} INFO - Started process (PID=232) to work on /opt/airflow/dags/pipeline_bet.py
[2026-07-09T23:43:46.326+0000] {processor.py:830} INFO - Processing file /opt/airflow/dags/pipeline_bet.py for tasks to queue
[2026-07-09T23:43:46.328+0000] {logging_mixin.py:188} INFO - [2026-07-09T23:43:46.328+0000] {dagbag.py:545} INFO - Filling up the DagBag from /opt/airflow/dags/pipeline_bet.py
[2026-07-09T23:43:46.344+0000] {processor.py:840} INFO - DAG(s) 'pipeline_bets' retrieved from /opt/airflow/dags/pipeline_bet.py
[2026-07-09T23:43:46.379+0000] {logging_mixin.py:188} INFO - [2026-07-09T23:43:46.378+0000] {dag.py:3089} INFO - Sync 1 DAGs
[2026-07-09T23:43:46.401+0000] {logging_mixin.py:188} INFO - [2026-07-09T23:43:46.401+0000] {dag.py:3947} INFO - Setting next_dagrun for pipeline_bets to 2026-07-08 00:00:00+00:00, run_after=2026-07-09 00:00:00+00:00
[2026-07-09T23:43:46.422+0000] {processor.py:183} INFO - Processing /opt/airflow/dags/pipeline_bet.py took 0.108 seconds
[2026-07-09T23:44:16.538+0000] {processor.py:161} INFO - Started process (PID=237) to work on /opt/airflow/dags/pipeline_bet.py
[2026-07-09T23:44:16.539+0000] {processor.py:830} INFO - Processing file /opt/airflow/dags/pipeline_bet.py for tasks to queue
[2026-07-09T23:44:16.541+0000] {logging_mixin.py:188} INFO - [2026-07-09T23:44:16.541+0000] {dagbag.py:545} INFO - Filling up the DagBag from /opt/airflow/dags/pipeline_bet.py
[2026-07-09T23:44:16.553+0000] {processor.py:840} INFO - DAG(s) 'pipeline_bets' retrieved from /opt/airflow/dags/pipeline_bet.py
[2026-07-09T23:44:16.583+0000] {logging_mixin.py:188} INFO - [2026-07-09T23:44:16.583+0000] {dag.py:3089} INFO - Sync 1 DAGs
[2026-07-09T23:44:16.604+0000] {logging_mixin.py:188} INFO - [2026-07-09T23:44:16.603+0000] {dag.py:3947} INFO - Setting next_dagrun for pipeline_bets to 2026-07-08 00:00:00+00:00, run_after=2026-07-09 00:00:00+00:00
[2026-07-09T23:44:16.621+0000] {processor.py:183} INFO - Processing /opt/airflow/dags/pipeline_bet.py took 0.089 seconds
[2026-07-09T23:44:46.776+0000] {processor.py:161} INFO - Started process (PID=242) to work on /opt/airflow/dags/pipeline_bet.py
[2026-07-09T23:44:46.777+0000] {processor.py:830} INFO - Processing file /opt/airflow/dags/pipeline_bet.py for tasks to queue
[2026-07-09T23:44:46.779+0000] {logging_mixin.py:188} INFO - [2026-07-09T23:44:46.779+0000] {dagbag.py:545} INFO - Filling up the DagBag from /opt/airflow/dags/pipeline_bet.py
[2026-07-09T23:44:46.793+0000] {processor.py:840} INFO - DAG(s) 'pipeline_bets' retrieved from /opt/airflow/dags/pipeline_bet.py
[2026-07-09T23:44:46.829+0000] {logging_mixin.py:188} INFO - [2026-07-09T23:44:46.829+0000] {dag.py:3089} INFO - Sync 1 DAGs
[2026-07-09T23:44:46.853+0000] {logging_mixin.py:188} INFO - [2026-07-09T23:44:46.852+0000] {dag.py:3947} INFO - Setting next_dagrun for pipeline_bets to 2026-07-08 00:00:00+00:00, run_after=2026-07-09 00:00:00+00:00
[2026-07-09T23:44:46.876+0000] {processor.py:183} INFO - Processing /opt/airflow/dags/pipeline_bet.py took 0.108 seconds
[2026-07-09T23:45:16.974+0000] {processor.py:161} INFO - Started process (PID=247) to work on /opt/airflow/dags/pipeline_bet.py
[2026-07-09T23:45:16.975+0000] {processor.py:830} INFO - Processing file /opt/airflow/dags/pipeline_bet.py for tasks to queue
[2026-07-09T23:45:16.976+0000] {logging_mixin.py:188} INFO - [2026-07-09T23:45:16.976+0000] {dagbag.py:545} INFO - Filling up the DagBag from /opt/airflow/dags/pipeline_bet.py
[2026-07-09T23:45:16.987+0000] {processor.py:840} INFO - DAG(s) 'pipeline_bets' retrieved from /opt/airflow/dags/pipeline_bet.py
[2026-07-09T23:45:17.020+0000] {logging_mixin.py:188} INFO - [2026-07-09T23:45:17.020+0000] {dag.py:3089} INFO - Sync 1 DAGs
[2026-07-09T23:45:17.046+0000] {logging_mixin.py:188} INFO - [2026-07-09T23:45:17.046+0000] {dag.py:3947} INFO - Setting next_dagrun for pipeline_bets to 2026-07-08 00:00:00+00:00, run_after=2026-07-09 00:00:00+00:00
[2026-07-09T23:45:17.066+0000] {processor.py:183} INFO - Processing /opt/airflow/dags/pipeline_bet.py took 0.099 seconds
[2026-07-09T23:45:47.252+0000] {processor.py:161} INFO - Started process (PID=252) to work on /opt/airflow/dags/pipeline_bet.py
[2026-07-09T23:45:47.254+0000] {processor.py:830} INFO - Processing file /opt/airflow/dags/pipeline_bet.py for tasks to queue
[2026-07-09T23:45:47.256+0000] {logging_mixin.py:188} INFO - [2026-07-09T23:45:47.255+0000] {dagbag.py:545} INFO - Filling up the DagBag from /opt/airflow/dags/pipeline_bet.py
[2026-07-09T23:45:47.276+0000] {processor.py:840} INFO - DAG(s) 'pipeline_bets' retrieved from /opt/airflow/dags/pipeline_bet.py
[2026-07-09T23:45:47.325+0000] {logging_mixin.py:188} INFO - [2026-07-09T23:45:47.325+0000] {dag.py:3089} INFO - Sync 1 DAGs
[2026-07-09T23:45:47.349+0000] {logging_mixin.py:188} INFO - [2026-07-09T23:45:47.349+0000] {dag.py:3947} INFO - Setting next_dagrun for pipeline_bets to 2026-07-08 00:00:00+00:00, run_after=2026-07-09 00:00:00+00:00
[2026-07-09T23:45:47.373+0000] {processor.py:183} INFO - Processing /opt/airflow/dags/pipeline_bet.py took 0.130 seconds
[2026-07-09T23:46:17.433+0000] {processor.py:161} INFO - Started process (PID=257) to work on /opt/airflow/dags/pipeline_bet.py
[2026-07-09T23:46:17.437+0000] {processor.py:830} INFO - Processing file /opt/airflow/dags/pipeline_bet.py for tasks to queue
[2026-07-09T23:46:17.442+0000] {logging_mixin.py:188} INFO - [2026-07-09T23:46:17.442+0000] {dagbag.py:545} INFO - Filling up the DagBag from /opt/airflow/dags/pipeline_bet.py
[2026-07-09T23:46:17.462+0000] {processor.py:840} INFO - DAG(s) 'pipeline_bets' retrieved from /opt/airflow/dags/pipeline_bet.py
[2026-07-09T23:46:17.508+0000] {logging_mixin.py:188} INFO - [2026-07-09T23:46:17.507+0000] {dag.py:3089} INFO - Sync 1 DAGs
[2026-07-09T23:46:17.538+0000] {logging_mixin.py:188} INFO - [2026-07-09T23:46:17.538+0000] {dag.py:3947} INFO - Setting next_dagrun for pipeline_bets to 2026-07-08 00:00:00+00:00, run_after=2026-07-09 00:00:00+00:00
[2026-07-09T23:46:17.562+0000] {processor.py:183} INFO - Processing /opt/airflow/dags/pipeline_bet.py took 0.151 seconds
[2026-07-09T23:46:47.696+0000] {processor.py:161} INFO - Started process (PID=262) to work on /opt/airflow/dags/pipeline_bet.py
[2026-07-09T23:46:47.696+0000] {processor.py:830} INFO - Processing file /opt/airflow/dags/pipeline_bet.py for tasks to queue
[2026-07-09T23:46:47.698+0000] {logging_mixin.py:188} INFO - [2026-07-09T23:46:47.698+0000] {dagbag.py:545} INFO - Filling up the DagBag from /opt/airflow/dags/pipeline_bet.py
[2026-07-09T23:46:47.713+0000] {processor.py:840} INFO - DAG(s) 'pipeline_bets' retrieved from /opt/airflow/dags/pipeline_bet.py
[2026-07-09T23:46:47.742+0000] {logging_mixin.py:188} INFO - [2026-07-09T23:46:47.741+0000] {dag.py:3089} INFO - Sync 1 DAGs
[2026-07-09T23:46:47.762+0000] {logging_mixin.py:188} INFO - [2026-07-09T23:46:47.762+0000] {dag.py:3947} INFO - Setting next_dagrun for pipeline_bets to 2026-07-08 00:00:00+00:00, run_after=2026-07-09 00:00:00+00:00
[2026-07-09T23:46:47.779+0000] {processor.py:183} INFO - Processing /opt/airflow/dags/pipeline_bet.py took 0.090 seconds
[2026-07-09T23:47:17.934+0000] {processor.py:161} INFO - Started process (PID=267) to work on /opt/airflow/dags/pipeline_bet.py
[2026-07-09T23:47:17.935+0000] {processor.py:830} INFO - Processing file /opt/airflow/dags/pipeline_bet.py for tasks to queue
[2026-07-09T23:47:17.937+0000] {logging_mixin.py:188} INFO - [2026-07-09T23:47:17.937+0000] {dagbag.py:545} INFO - Filling up the DagBag from /opt/airflow/dags/pipeline_bet.py
[2026-07-09T23:47:17.951+0000] {processor.py:840} INFO - DAG(s) 'pipeline_bets' retrieved from /opt/airflow/dags/pipeline_bet.py
[2026-07-09T23:47:17.981+0000] {logging_mixin.py:188} INFO - [2026-07-09T23:47:17.981+0000] {dag.py:3089} INFO - Sync 1 DAGs
[2026-07-09T23:47:18.001+0000] {logging_mixin.py:188} INFO - [2026-07-09T23:47:18.001+0000] {dag.py:3947} INFO - Setting next_dagrun for pipeline_bets to 2026-07-08 00:00:00+00:00, run_after=2026-07-09 00:00:00+00:00
[2026-07-09T23:47:18.019+0000] {processor.py:183} INFO - Processing /opt/airflow/dags/pipeline_bet.py took 0.094 seconds
[2026-07-09T23:47:48.115+0000] {processor.py:161} INFO - Started process (PID=272) to work on /opt/airflow/dags/pipeline_bet.py
[2026-07-09T23:47:48.116+0000] {processor.py:830} INFO - Processing file /opt/airflow/dags/pipeline_bet.py for tasks to queue
[2026-07-09T23:47:48.118+0000] {logging_mixin.py:188} INFO - [2026-07-09T23:47:48.118+0000] {dagbag.py:545} INFO - Filling up the DagBag from /opt/airflow/dags/pipeline_bet.py
[2026-07-09T23:47:48.136+0000] {processor.py:840} INFO - DAG(s) 'pipeline_bets' retrieved from /opt/airflow/dags/pipeline_bet.py
[2026-07-09T23:47:48.166+0000] {logging_mixin.py:188} INFO - [2026-07-09T23:47:48.166+0000] {dag.py:3089} INFO - Sync 1 DAGs
[2026-07-09T23:47:48.185+0000] {logging_mixin.py:188} INFO - [2026-07-09T23:47:48.185+0000] {dag.py:3947} INFO - Setting next_dagrun for pipeline_bets to 2026-07-08 00:00:00+00:00, run_after=2026-07-09 00:00:00+00:00
[2026-07-09T23:47:48.202+0000] {processor.py:183} INFO - Processing /opt/airflow/dags/pipeline_bet.py took 0.094 seconds
[2026-07-09T23:48:18.341+0000] {processor.py:161} INFO - Started process (PID=277) to work on /opt/airflow/dags/pipeline_bet.py
[2026-07-09T23:48:18.343+0000] {processor.py:830} INFO - Processing file /opt/airflow/dags/pipeline_bet.py for tasks to queue
[2026-07-09T23:48:18.344+0000] {logging_mixin.py:188} INFO - [2026-07-09T23:48:18.344+0000] {dagbag.py:545} INFO - Filling up the DagBag from /opt/airflow/dags/pipeline_bet.py
[2026-07-09T23:48:18.357+0000] {processor.py:840} INFO - DAG(s) 'pipeline_bets' retrieved from /opt/airflow/dags/pipeline_bet.py
[2026-07-09T23:48:18.388+0000] {logging_mixin.py:188} INFO - [2026-07-09T23:48:18.388+0000] {dag.py:3089} INFO - Sync 1 DAGs
[2026-07-09T23:48:18.413+0000] {logging_mixin.py:188} INFO - [2026-07-09T23:48:18.413+0000] {dag.py:3947} INFO - Setting next_dagrun for pipeline_bets to 2026-07-08 00:00:00+00:00, run_after=2026-07-09 00:00:00+00:00
[2026-07-09T23:48:18.432+0000] {processor.py:183} INFO - Processing /opt/airflow/dags/pipeline_bet.py took 0.097 seconds
[2026-07-09T23:48:48.620+0000] {processor.py:161} INFO - Started process (PID=282) to work on /opt/airflow/dags/pipeline_bet.py
[2026-07-09T23:48:48.621+0000] {processor.py:830} INFO - Processing file /opt/airflow/dags/pipeline_bet.py for tasks to queue
[2026-07-09T23:48:48.622+0000] {logging_mixin.py:188} INFO - [2026-07-09T23:48:48.622+0000] {dagbag.py:545} INFO - Filling up the DagBag from /opt/airflow/dags/pipeline_bet.py
[2026-07-09T23:48:48.634+0000] {processor.py:840} INFO - DAG(s) 'pipeline_bets' retrieved from /opt/airflow/dags/pipeline_bet.py
[2026-07-09T23:48:48.663+0000] {logging_mixin.py:188} INFO - [2026-07-09T23:48:48.662+0000] {dag.py:3089} INFO - Sync 1 DAGs
[2026-07-09T23:48:48.683+0000] {logging_mixin.py:188} INFO - [2026-07-09T23:48:48.682+0000] {dag.py:3947} INFO - Setting next_dagrun for pipeline_bets to 2026-07-08 00:00:00+00:00, run_after=2026-07-09 00:00:00+00:00
[2026-07-09T23:48:48.700+0000] {processor.py:183} INFO - Processing /opt/airflow/dags/pipeline_bet.py took 0.113 seconds
[2026-07-09T23:49:18.785+0000] {processor.py:161} INFO - Started process (PID=287) to work on /opt/airflow/dags/pipeline_bet.py
[2026-07-09T23:49:18.787+0000] {processor.py:830} INFO - Processing file /opt/airflow/dags/pipeline_bet.py for tasks to queue
[2026-07-09T23:49:18.788+0000] {logging_mixin.py:188} INFO - [2026-07-09T23:49:18.788+0000] {dagbag.py:545} INFO - Filling up the DagBag from /opt/airflow/dags/pipeline_bet.py
[2026-07-09T23:49:18.804+0000] {processor.py:840} INFO - DAG(s) 'pipeline_bets' retrieved from /opt/airflow/dags/pipeline_bet.py
[2026-07-09T23:49:18.834+0000] {logging_mixin.py:188} INFO - [2026-07-09T23:49:18.834+0000] {dag.py:3089} INFO - Sync 1 DAGs
[2026-07-09T23:49:18.854+0000] {logging_mixin.py:188} INFO - [2026-07-09T23:49:18.853+0000] {dag.py:3947} INFO - Setting next_dagrun for pipeline_bets to 2026-07-08 00:00:00+00:00, run_after=2026-07-09 00:00:00+00:00
[2026-07-09T23:49:18.873+0000] {processor.py:183} INFO - Processing /opt/airflow/dags/pipeline_bet.py took 0.099 seconds
[2026-07-09T23:51:44.176+0000] {processor.py:161} INFO - Started process (PID=159) to work on /opt/airflow/dags/pipeline_bet.py
[2026-07-09T23:51:44.221+0000] {processor.py:830} INFO - Processing file /opt/airflow/dags/pipeline_bet.py for tasks to queue
[2026-07-09T23:51:44.283+0000] {logging_mixin.py:188} INFO - [2026-07-09T23:51:44.277+0000] {dagbag.py:545} INFO - Filling up the DagBag from /opt/airflow/dags/pipeline_bet.py
[2026-07-09T23:51:44.465+0000] {processor.py:840} INFO - DAG(s) 'pipeline_bets' retrieved from /opt/airflow/dags/pipeline_bet.py
[2026-07-09T23:51:44.658+0000] {logging_mixin.py:188} INFO - [2026-07-09T23:51:44.658+0000] {dag.py:3089} INFO - Sync 1 DAGs
[2026-07-09T23:51:44.743+0000] {logging_mixin.py:188} INFO - [2026-07-09T23:51:44.743+0000] {dag.py:3947} INFO - Setting next_dagrun for pipeline_bets to 2026-07-08 00:00:00+00:00, run_after=2026-07-09 00:00:00+00:00
[2026-07-09T23:51:44.803+0000] {processor.py:183} INFO - Processing /opt/airflow/dags/pipeline_bet.py took 0.774 seconds
[2026-07-09T23:52:15.019+0000] {processor.py:161} INFO - Started process (PID=165) to work on /opt/airflow/dags/pipeline_bet.py
[2026-07-09T23:52:15.025+0000] {processor.py:830} INFO - Processing file /opt/airflow/dags/pipeline_bet.py for tasks to queue
[2026-07-09T23:52:15.046+0000] {logging_mixin.py:188} INFO - [2026-07-09T23:52:15.038+0000] {dagbag.py:545} INFO - Filling up the DagBag from /opt/airflow/dags/pipeline_bet.py
[2026-07-09T23:52:15.145+0000] {processor.py:840} INFO - DAG(s) 'pipeline_bets' retrieved from /opt/airflow/dags/pipeline_bet.py
[2026-07-09T23:52:16.023+0000] {logging_mixin.py:188} INFO - [2026-07-09T23:52:16.022+0000] {dag.py:3089} INFO - Sync 1 DAGs
[2026-07-09T23:52:16.072+0000] {logging_mixin.py:188} INFO - [2026-07-09T23:52:16.072+0000] {dag.py:3947} INFO - Setting next_dagrun for pipeline_bets to 2026-07-08 00:00:00+00:00, run_after=2026-07-09 00:00:00+00:00
[2026-07-09T23:52:16.109+0000] {processor.py:183} INFO - Processing /opt/airflow/dags/pipeline_bet.py took 1.127 seconds
[2026-07-09T23:52:47.422+0000] {processor.py:161} INFO - Started process (PID=170) to work on /opt/airflow/dags/pipeline_bet.py
[2026-07-09T23:52:47.478+0000] {processor.py:830} INFO - Processing file /opt/airflow/dags/pipeline_bet.py for tasks to queue
[2026-07-09T23:52:47.804+0000] {logging_mixin.py:188} INFO - [2026-07-09T23:52:47.738+0000] {dagbag.py:545} INFO - Filling up the DagBag from /opt/airflow/dags/pipeline_bet.py
[2026-07-09T23:52:48.598+0000] {processor.py:840} INFO - DAG(s) 'pipeline_bets' retrieved from /opt/airflow/dags/pipeline_bet.py
[2026-07-09T23:52:50.067+0000] {logging_mixin.py:188} INFO - [2026-07-09T23:52:50.066+0000] {dag.py:3089} INFO - Sync 1 DAGs
[2026-07-09T23:52:50.468+0000] {logging_mixin.py:188} INFO - [2026-07-09T23:52:50.466+0000] {dag.py:3947} INFO - Setting next_dagrun for pipeline_bets to 2026-07-08 00:00:00+00:00, run_after=2026-07-09 00:00:00+00:00
[2026-07-09T23:52:50.590+0000] {processor.py:183} INFO - Processing /opt/airflow/dags/pipeline_bet.py took 3.636 seconds
[2026-07-09T23:53:21.038+0000] {processor.py:161} INFO - Started process (PID=175) to work on /opt/airflow/dags/pipeline_bet.py
[2026-07-09T23:53:21.041+0000] {processor.py:830} INFO - Processing file /opt/airflow/dags/pipeline_bet.py for tasks to queue
[2026-07-09T23:53:21.058+0000] {logging_mixin.py:188} INFO - [2026-07-09T23:53:21.053+0000] {dagbag.py:545} INFO - Filling up the DagBag from /opt/airflow/dags/pipeline_bet.py
[2026-07-09T23:53:21.236+0000] {processor.py:840} INFO - DAG(s) 'pipeline_bets' retrieved from /opt/airflow/dags/pipeline_bet.py
[2026-07-09T23:53:21.521+0000] {logging_mixin.py:188} INFO - [2026-07-09T23:53:21.520+0000] {dag.py:3089} INFO - Sync 1 DAGs
[2026-07-09T23:53:21.646+0000] {logging_mixin.py:188} INFO - [2026-07-09T23:53:21.646+0000] {dag.py:3947} INFO - Setting next_dagrun for pipeline_bets to 2026-07-08 00:00:00+00:00, run_after=2026-07-09 00:00:00+00:00
[2026-07-09T23:53:21.717+0000] {processor.py:183} INFO - Processing /opt/airflow/dags/pipeline_bet.py took 0.744 seconds
[2026-07-09T23:53:53.514+0000] {processor.py:161} INFO - Started process (PID=183) to work on /opt/airflow/dags/pipeline_bet.py
[2026-07-09T23:53:53.522+0000] {processor.py:830} INFO - Processing file /opt/airflow/dags/pipeline_bet.py for tasks to queue
[2026-07-09T23:53:53.552+0000] {logging_mixin.py:188} INFO - [2026-07-09T23:53:53.548+0000] {dagbag.py:545} INFO - Filling up the DagBag from /opt/airflow/dags/pipeline_bet.py
[2026-07-09T23:53:53.742+0000] {processor.py:840} INFO - DAG(s) 'pipeline_bets' retrieved from /opt/airflow/dags/pipeline_bet.py
[2026-07-09T23:53:56.128+0000] {logging_mixin.py:188} INFO - [2026-07-09T23:53:56.120+0000] {dag.py:3089} INFO - Sync 1 DAGs
[2026-07-09T23:53:56.429+0000] {logging_mixin.py:188} INFO - [2026-07-09T23:53:56.428+0000] {dag.py:3947} INFO - Setting next_dagrun for pipeline_bets to 2026-07-09 00:00:00+00:00, run_after=2026-07-10 00:00:00+00:00
[2026-07-09T23:53:56.543+0000] {processor.py:183} INFO - Processing /opt/airflow/dags/pipeline_bet.py took 3.351 seconds
[2026-07-09T23:54:26.853+0000] {processor.py:161} INFO - Started process (PID=188) to work on /opt/airflow/dags/pipeline_bet.py
[2026-07-09T23:54:26.858+0000] {processor.py:830} INFO - Processing file /opt/airflow/dags/pipeline_bet.py for tasks to queue
[2026-07-09T23:54:26.883+0000] {logging_mixin.py:188} INFO - [2026-07-09T23:54:26.881+0000] {dagbag.py:545} INFO - Filling up the DagBag from /opt/airflow/dags/pipeline_bet.py
[2026-07-09T23:54:26.994+0000] {processor.py:840} INFO - DAG(s) 'pipeline_bets' retrieved from /opt/airflow/dags/pipeline_bet.py
[2026-07-09T23:54:27.181+0000] {logging_mixin.py:188} INFO - [2026-07-09T23:54:27.180+0000] {dag.py:3089} INFO - Sync 1 DAGs
[2026-07-09T23:54:27.227+0000] {logging_mixin.py:188} INFO - [2026-07-09T23:54:27.226+0000] {dag.py:3947} INFO - Setting next_dagrun for pipeline_bets to 2026-07-09 00:00:00+00:00, run_after=2026-07-10 00:00:00+00:00
[2026-07-09T23:54:27.257+0000] {processor.py:183} INFO - Processing /opt/airflow/dags/pipeline_bet.py took 0.440 seconds
[2026-07-09T23:54:57.487+0000] {processor.py:161} INFO - Started process (PID=196) to work on /opt/airflow/dags/pipeline_bet.py
[2026-07-09T23:54:57.489+0000] {processor.py:830} INFO - Processing file /opt/airflow/dags/pipeline_bet.py for tasks to queue
[2026-07-09T23:54:57.499+0000] {logging_mixin.py:188} INFO - [2026-07-09T23:54:57.498+0000] {dagbag.py:545} INFO - Filling up the DagBag from /opt/airflow/dags/pipeline_bet.py
[2026-07-09T23:54:57.546+0000] {processor.py:840} INFO - DAG(s) 'pipeline_bets' retrieved from /opt/airflow/dags/pipeline_bet.py
[2026-07-09T23:54:57.625+0000] {logging_mixin.py:188} INFO - [2026-07-09T23:54:57.625+0000] {dag.py:3089} INFO - Sync 1 DAGs
[2026-07-09T23:54:57.664+0000] {logging_mixin.py:188} INFO - [2026-07-09T23:54:57.664+0000] {dag.py:3947} INFO - Setting next_dagrun for pipeline_bets to 2026-07-09 00:00:00+00:00, run_after=2026-07-10 00:00:00+00:00
[2026-07-09T23:54:57.692+0000] {processor.py:183} INFO - Processing /opt/airflow/dags/pipeline_bet.py took 0.233 seconds
[2026-07-09T23:55:28.087+0000] {processor.py:161} INFO - Started process (PID=201) to work on /opt/airflow/dags/pipeline_bet.py
[2026-07-09T23:55:28.102+0000] {processor.py:830} INFO - Processing file /opt/airflow/dags/pipeline_bet.py for tasks to queue
[2026-07-09T23:55:28.130+0000] {logging_mixin.py:188} INFO - [2026-07-09T23:55:28.123+0000] {dagbag.py:545} INFO - Filling up the DagBag from /opt/airflow/dags/pipeline_bet.py
[2026-07-09T23:55:28.321+0000] {processor.py:840} INFO - DAG(s) 'pipeline_bets' retrieved from /opt/airflow/dags/pipeline_bet.py
[2026-07-09T23:55:28.785+0000] {logging_mixin.py:188} INFO - [2026-07-09T23:55:28.784+0000] {dag.py:3089} INFO - Sync 1 DAGs
[2026-07-09T23:55:28.907+0000] {logging_mixin.py:188} INFO - [2026-07-09T23:55:28.907+0000] {dag.py:3947} INFO - Setting next_dagrun for pipeline_bets to 2026-07-09 00:00:00+00:00, run_after=2026-07-10 00:00:00+00:00
[2026-07-09T23:55:28.987+0000] {processor.py:183} INFO - Processing /opt/airflow/dags/pipeline_bet.py took 1.053 seconds
[2026-07-09T23:55:59.113+0000] {processor.py:161} INFO - Started process (PID=209) to work on /opt/airflow/dags/pipeline_bet.py
[2026-07-09T23:55:59.115+0000] {processor.py:830} INFO - Processing file /opt/airflow/dags/pipeline_bet.py for tasks to queue
[2026-07-09T23:55:59.119+0000] {logging_mixin.py:188} INFO - [2026-07-09T23:55:59.118+0000] {dagbag.py:545} INFO - Filling up the DagBag from /opt/airflow/dags/pipeline_bet.py
[2026-07-09T23:55:59.160+0000] {processor.py:840} INFO - DAG(s) 'pipeline_bets' retrieved from /opt/airflow/dags/pipeline_bet.py
[2026-07-09T23:55:59.291+0000] {logging_mixin.py:188} INFO - [2026-07-09T23:55:59.290+0000] {dag.py:3089} INFO - Sync 1 DAGs
[2026-07-09T23:55:59.374+0000] {logging_mixin.py:188} INFO - [2026-07-09T23:55:59.374+0000] {dag.py:3947} INFO - Setting next_dagrun for pipeline_bets to 2026-07-09 00:00:00+00:00, run_after=2026-07-10 00:00:00+00:00
[2026-07-09T23:55:59.405+0000] {processor.py:183} INFO - Processing /opt/airflow/dags/pipeline_bet.py took 0.319 seconds
[2026-07-09T23:56:29.615+0000] {processor.py:161} INFO - Started process (PID=214) to work on /opt/airflow/dags/pipeline_bet.py
[2026-07-09T23:56:29.616+0000] {processor.py:830} INFO - Processing file /opt/airflow/dags/pipeline_bet.py for tasks to queue
[2026-07-09T23:56:29.618+0000] {logging_mixin.py:188} INFO - [2026-07-09T23:56:29.618+0000] {dagbag.py:545} INFO - Filling up the DagBag from /opt/airflow/dags/pipeline_bet.py
[2026-07-09T23:56:29.641+0000] {processor.py:840} INFO - DAG(s) 'pipeline_bets' retrieved from /opt/airflow/dags/pipeline_bet.py
[2026-07-09T23:56:29.686+0000] {logging_mixin.py:188} INFO - [2026-07-09T23:56:29.686+0000] {dag.py:3089} INFO - Sync 1 DAGs
[2026-07-09T23:56:29.722+0000] {logging_mixin.py:188} INFO - [2026-07-09T23:56:29.722+0000] {dag.py:3947} INFO - Setting next_dagrun for pipeline_bets to 2026-07-09 00:00:00+00:00, run_after=2026-07-10 00:00:00+00:00
[2026-07-09T23:56:29.749+0000] {processor.py:183} INFO - Processing /opt/airflow/dags/pipeline_bet.py took 0.142 seconds
[2026-07-09T23:56:59.839+0000] {processor.py:161} INFO - Started process (PID=222) to work on /opt/airflow/dags/pipeline_bet.py
[2026-07-09T23:56:59.840+0000] {processor.py:830} INFO - Processing file /opt/airflow/dags/pipeline_bet.py for tasks to queue
[2026-07-09T23:56:59.843+0000] {logging_mixin.py:188} INFO - [2026-07-09T23:56:59.843+0000] {dagbag.py:545} INFO - Filling up the DagBag from /opt/airflow/dags/pipeline_bet.py
[2026-07-09T23:56:59.859+0000] {processor.py:840} INFO - DAG(s) 'pipeline_bets' retrieved from /opt/airflow/dags/pipeline_bet.py
[2026-07-09T23:56:59.890+0000] {logging_mixin.py:188} INFO - [2026-07-09T23:56:59.890+0000] {dag.py:3089} INFO - Sync 1 DAGs
[2026-07-09T23:56:59.915+0000] {logging_mixin.py:188} INFO - [2026-07-09T23:56:59.915+0000] {dag.py:3947} INFO - Setting next_dagrun for pipeline_bets to 2026-07-09 00:00:00+00:00, run_after=2026-07-10 00:00:00+00:00
[2026-07-09T23:56:59.938+0000] {processor.py:183} INFO - Processing /opt/airflow/dags/pipeline_bet.py took 0.106 seconds
[2026-07-09T23:57:30.113+0000] {processor.py:161} INFO - Started process (PID=227) to work on /opt/airflow/dags/pipeline_bet.py
[2026-07-09T23:57:30.114+0000] {processor.py:830} INFO - Processing file /opt/airflow/dags/pipeline_bet.py for tasks to queue
[2026-07-09T23:57:30.135+0000] {logging_mixin.py:188} INFO - [2026-07-09T23:57:30.134+0000] {dagbag.py:545} INFO - Filling up the DagBag from /opt/airflow/dags/pipeline_bet.py
[2026-07-09T23:57:30.167+0000] {processor.py:840} INFO - DAG(s) 'pipeline_bets' retrieved from /opt/airflow/dags/pipeline_bet.py
[2026-07-09T23:57:30.227+0000] {logging_mixin.py:188} INFO - [2026-07-09T23:57:30.227+0000] {dag.py:3089} INFO - Sync 1 DAGs
[2026-07-09T23:57:30.268+0000] {logging_mixin.py:188} INFO - [2026-07-09T23:57:30.267+0000] {dag.py:3947} INFO - Setting next_dagrun for pipeline_bets to 2026-07-09 00:00:00+00:00, run_after=2026-07-10 00:00:00+00:00
[2026-07-09T23:57:30.305+0000] {processor.py:183} INFO - Processing /opt/airflow/dags/pipeline_bet.py took 0.200 seconds
[2026-07-09T23:58:00.490+0000] {processor.py:161} INFO - Started process (PID=232) to work on /opt/airflow/dags/pipeline_bet.py
[2026-07-09T23:58:00.491+0000] {processor.py:830} INFO - Processing file /opt/airflow/dags/pipeline_bet.py for tasks to queue
[2026-07-09T23:58:00.494+0000] {logging_mixin.py:188} INFO - [2026-07-09T23:58:00.494+0000] {dagbag.py:545} INFO - Filling up the DagBag from /opt/airflow/dags/pipeline_bet.py
[2026-07-09T23:58:00.525+0000] {processor.py:840} INFO - DAG(s) 'pipeline_bets' retrieved from /opt/airflow/dags/pipeline_bet.py
[2026-07-09T23:58:00.610+0000] {logging_mixin.py:188} INFO - [2026-07-09T23:58:00.609+0000] {dag.py:3089} INFO - Sync 1 DAGs
[2026-07-09T23:58:00.653+0000] {logging_mixin.py:188} INFO - [2026-07-09T23:58:00.653+0000] {dag.py:3947} INFO - Setting next_dagrun for pipeline_bets to 2026-07-09 00:00:00+00:00, run_after=2026-07-10 00:00:00+00:00
[2026-07-09T23:58:00.679+0000] {processor.py:183} INFO - Processing /opt/airflow/dags/pipeline_bet.py took 0.206 seconds
[2026-07-09T23:58:30.882+0000] {processor.py:161} INFO - Started process (PID=237) to work on /opt/airflow/dags/pipeline_bet.py
[2026-07-09T23:58:30.887+0000] {processor.py:830} INFO - Processing file /opt/airflow/dags/pipeline_bet.py for tasks to queue
[2026-07-09T23:58:30.901+0000] {logging_mixin.py:188} INFO - [2026-07-09T23:58:30.899+0000] {dagbag.py:545} INFO - Filling up the DagBag from /opt/airflow/dags/pipeline_bet.py
[2026-07-09T23:58:30.946+0000] {processor.py:840} INFO - DAG(s) 'pipeline_bets' retrieved from /opt/airflow/dags/pipeline_bet.py
[2026-07-09T23:58:31.034+0000] {logging_mixin.py:188} INFO - [2026-07-09T23:58:31.033+0000] {dag.py:3089} INFO - Sync 1 DAGs
[2026-07-09T23:58:31.076+0000] {logging_mixin.py:188} INFO - [2026-07-09T23:58:31.076+0000] {dag.py:3947} INFO - Setting next_dagrun for pipeline_bets to 2026-07-09 00:00:00+00:00, run_after=2026-07-10 00:00:00+00:00
[2026-07-09T23:58:31.110+0000] {processor.py:183} INFO - Processing /opt/airflow/dags/pipeline_bet.py took 0.252 seconds
[2026-07-09T23:59:01.337+0000] {processor.py:161} INFO - Started process (PID=242) to work on /opt/airflow/dags/pipeline_bet.py
[2026-07-09T23:59:01.338+0000] {processor.py:830} INFO - Processing file /opt/airflow/dags/pipeline_bet.py for tasks to queue
[2026-07-09T23:59:01.340+0000] {logging_mixin.py:188} INFO - [2026-07-09T23:59:01.340+0000] {dagbag.py:545} INFO - Filling up the DagBag from /opt/airflow/dags/pipeline_bet.py
[2026-07-09T23:59:01.355+0000] {processor.py:840} INFO - DAG(s) 'pipeline_bets' retrieved from /opt/airflow/dags/pipeline_bet.py
[2026-07-09T23:59:01.400+0000] {logging_mixin.py:188} INFO - [2026-07-09T23:59:01.400+0000] {dag.py:3089} INFO - Sync 1 DAGs
[2026-07-09T23:59:01.427+0000] {logging_mixin.py:188} INFO - [2026-07-09T23:59:01.427+0000] {dag.py:3947} INFO - Setting next_dagrun for pipeline_bets to 2026-07-09 00:00:00+00:00, run_after=2026-07-10 00:00:00+00:00
[2026-07-09T23:59:01.474+0000] {processor.py:183} INFO - Processing /opt/airflow/dags/pipeline_bet.py took 0.145 seconds
[2026-07-09T23:59:31.734+0000] {processor.py:161} INFO - Started process (PID=247) to work on /opt/airflow/dags/pipeline_bet.py
[2026-07-09T23:59:31.738+0000] {processor.py:830} INFO - Processing file /opt/airflow/dags/pipeline_bet.py for tasks to queue
[2026-07-09T23:59:31.741+0000] {logging_mixin.py:188} INFO - [2026-07-09T23:59:31.740+0000] {dagbag.py:545} INFO - Filling up the DagBag from /opt/airflow/dags/pipeline_bet.py
[2026-07-09T23:59:31.871+0000] {processor.py:840} INFO - DAG(s) 'pipeline_bets' retrieved from /opt/airflow/dags/pipeline_bet.py
[2026-07-09T23:59:32.110+0000] {logging_mixin.py:188} INFO - [2026-07-09T23:59:32.110+0000] {dag.py:3089} INFO - Sync 1 DAGs
[2026-07-09T23:59:32.240+0000] {logging_mixin.py:188} INFO - [2026-07-09T23:59:32.239+0000] {dag.py:3947} INFO - Setting next_dagrun for pipeline_bets to 2026-07-09 00:00:00+00:00, run_after=2026-07-10 00:00:00+00:00
[2026-07-09T23:59:32.311+0000] {processor.py:183} INFO - Processing /opt/airflow/dags/pipeline_bet.py took 0.647 seconds
