[2026-07-15T00:15:00.405+0000] {processor.py:161} INFO - Started process (PID=188) to work on /opt/airflow/dags/pipeline_bet.py
[2026-07-15T00:15:00.409+0000] {processor.py:830} INFO - Processing file /opt/airflow/dags/pipeline_bet.py for tasks to queue
[2026-07-15T00:15:00.423+0000] {logging_mixin.py:188} INFO - [2026-07-15T00:15:00.421+0000] {dagbag.py:545} INFO - Filling up the DagBag from /opt/airflow/dags/pipeline_bet.py
[2026-07-15T00:15:00.627+0000] {processor.py:840} INFO - DAG(s) 'pipeline_bets' retrieved from /opt/airflow/dags/pipeline_bet.py
[2026-07-15T00:15:00.920+0000] {logging_mixin.py:188} INFO - [2026-07-15T00:15:00.920+0000] {dag.py:3089} INFO - Sync 1 DAGs
[2026-07-15T00:15:01.429+0000] {logging_mixin.py:188} INFO - [2026-07-15T00:15:01.428+0000] {dag.py:3947} INFO - Setting next_dagrun for pipeline_bets to 2026-07-15 00:00:00+00:00, run_after=2026-07-16 00:00:00+00:00
[2026-07-15T00:15:01.652+0000] {processor.py:183} INFO - Processing /opt/airflow/dags/pipeline_bet.py took 1.289 seconds
[2026-07-15T00:15:34.756+0000] {processor.py:161} INFO - Started process (PID=197) to work on /opt/airflow/dags/pipeline_bet.py
[2026-07-15T00:15:34.822+0000] {processor.py:830} INFO - Processing file /opt/airflow/dags/pipeline_bet.py for tasks to queue
[2026-07-15T00:15:35.106+0000] {logging_mixin.py:188} INFO - [2026-07-15T00:15:35.083+0000] {dagbag.py:545} INFO - Filling up the DagBag from /opt/airflow/dags/pipeline_bet.py
[2026-07-15T00:15:36.364+0000] {processor.py:840} INFO - DAG(s) 'pipeline_bets' retrieved from /opt/airflow/dags/pipeline_bet.py
[2026-07-15T00:15:40.795+0000] {logging_mixin.py:188} INFO - [2026-07-15T00:15:40.778+0000] {dag.py:3089} INFO - Sync 1 DAGs
[2026-07-15T00:15:41.383+0000] {logging_mixin.py:188} INFO - [2026-07-15T00:15:41.381+0000] {dag.py:3947} INFO - Setting next_dagrun for pipeline_bets to 2026-07-15 00:00:00+00:00, run_after=2026-07-16 00:00:00+00:00
[2026-07-15T00:15:41.535+0000] {processor.py:183} INFO - Processing /opt/airflow/dags/pipeline_bet.py took 8.498 seconds
[2026-07-15T00:16:13.181+0000] {processor.py:161} INFO - Started process (PID=202) to work on /opt/airflow/dags/pipeline_bet.py
[2026-07-15T00:16:13.190+0000] {processor.py:830} INFO - Processing file /opt/airflow/dags/pipeline_bet.py for tasks to queue
[2026-07-15T00:16:13.252+0000] {logging_mixin.py:188} INFO - [2026-07-15T00:16:13.239+0000] {dagbag.py:545} INFO - Filling up the DagBag from /opt/airflow/dags/pipeline_bet.py
[2026-07-15T00:16:15.059+0000] {processor.py:840} INFO - DAG(s) 'pipeline_bets' retrieved from /opt/airflow/dags/pipeline_bet.py
[2026-07-15T00:16:15.688+0000] {logging_mixin.py:188} INFO - [2026-07-15T00:16:15.687+0000] {dag.py:3089} INFO - Sync 1 DAGs
[2026-07-15T00:16:15.871+0000] {logging_mixin.py:188} INFO - [2026-07-15T00:16:15.870+0000] {dag.py:3947} INFO - Setting next_dagrun for pipeline_bets to 2026-07-15 00:00:00+00:00, run_after=2026-07-16 00:00:00+00:00
[2026-07-15T00:16:15.945+0000] {processor.py:183} INFO - Processing /opt/airflow/dags/pipeline_bet.py took 2.932 seconds
[2026-07-15T00:16:46.149+0000] {processor.py:161} INFO - Started process (PID=207) to work on /opt/airflow/dags/pipeline_bet.py
[2026-07-15T00:16:46.152+0000] {processor.py:830} INFO - Processing file /opt/airflow/dags/pipeline_bet.py for tasks to queue
[2026-07-15T00:16:46.162+0000] {logging_mixin.py:188} INFO - [2026-07-15T00:16:46.161+0000] {dagbag.py:545} INFO - Filling up the DagBag from /opt/airflow/dags/pipeline_bet.py
[2026-07-15T00:16:46.217+0000] {processor.py:840} INFO - DAG(s) 'pipeline_bets' retrieved from /opt/airflow/dags/pipeline_bet.py
[2026-07-15T00:16:46.705+0000] {logging_mixin.py:188} INFO - [2026-07-15T00:16:46.704+0000] {dag.py:3089} INFO - Sync 1 DAGs
[2026-07-15T00:16:46.849+0000] {logging_mixin.py:188} INFO - [2026-07-15T00:16:46.847+0000] {dag.py:3947} INFO - Setting next_dagrun for pipeline_bets to 2026-07-15 00:00:00+00:00, run_after=2026-07-16 00:00:00+00:00
[2026-07-15T00:16:46.975+0000] {processor.py:183} INFO - Processing /opt/airflow/dags/pipeline_bet.py took 0.862 seconds
[2026-07-15T00:17:17.928+0000] {processor.py:161} INFO - Started process (PID=215) to work on /opt/airflow/dags/pipeline_bet.py
[2026-07-15T00:17:17.936+0000] {processor.py:830} INFO - Processing file /opt/airflow/dags/pipeline_bet.py for tasks to queue
[2026-07-15T00:17:17.954+0000] {logging_mixin.py:188} INFO - [2026-07-15T00:17:17.952+0000] {dagbag.py:545} INFO - Filling up the DagBag from /opt/airflow/dags/pipeline_bet.py
[2026-07-15T00:17:18.083+0000] {processor.py:840} INFO - DAG(s) 'pipeline_bets' retrieved from /opt/airflow/dags/pipeline_bet.py
[2026-07-15T00:17:18.275+0000] {logging_mixin.py:188} INFO - [2026-07-15T00:17:18.274+0000] {dag.py:3089} INFO - Sync 1 DAGs
[2026-07-15T00:17:18.384+0000] {logging_mixin.py:188} INFO - [2026-07-15T00:17:18.384+0000] {dag.py:3947} INFO - Setting next_dagrun for pipeline_bets to 2026-07-15 00:00:00+00:00, run_after=2026-07-16 00:00:00+00:00
[2026-07-15T00:17:18.447+0000] {processor.py:183} INFO - Processing /opt/airflow/dags/pipeline_bet.py took 0.590 seconds
[2026-07-15T00:17:48.908+0000] {processor.py:161} INFO - Started process (PID=220) to work on /opt/airflow/dags/pipeline_bet.py
[2026-07-15T00:17:48.918+0000] {processor.py:830} INFO - Processing file /opt/airflow/dags/pipeline_bet.py for tasks to queue
[2026-07-15T00:17:48.938+0000] {logging_mixin.py:188} INFO - [2026-07-15T00:17:48.935+0000] {dagbag.py:545} INFO - Filling up the DagBag from /opt/airflow/dags/pipeline_bet.py
[2026-07-15T00:17:49.042+0000] {processor.py:840} INFO - DAG(s) 'pipeline_bets' retrieved from /opt/airflow/dags/pipeline_bet.py
[2026-07-15T00:17:49.323+0000] {logging_mixin.py:188} INFO - [2026-07-15T00:17:49.322+0000] {dag.py:3089} INFO - Sync 1 DAGs
[2026-07-15T00:17:49.425+0000] {logging_mixin.py:188} INFO - [2026-07-15T00:17:49.424+0000] {dag.py:3947} INFO - Setting next_dagrun for pipeline_bets to 2026-07-15 00:00:00+00:00, run_after=2026-07-16 00:00:00+00:00
[2026-07-15T00:17:49.507+0000] {processor.py:183} INFO - Processing /opt/airflow/dags/pipeline_bet.py took 0.650 seconds
[2026-07-15T00:18:19.940+0000] {processor.py:161} INFO - Started process (PID=225) to work on /opt/airflow/dags/pipeline_bet.py
[2026-07-15T00:18:19.946+0000] {processor.py:830} INFO - Processing file /opt/airflow/dags/pipeline_bet.py for tasks to queue
[2026-07-15T00:18:19.963+0000] {logging_mixin.py:188} INFO - [2026-07-15T00:18:19.960+0000] {dagbag.py:545} INFO - Filling up the DagBag from /opt/airflow/dags/pipeline_bet.py
[2026-07-15T00:18:20.048+0000] {processor.py:840} INFO - DAG(s) 'pipeline_bets' retrieved from /opt/airflow/dags/pipeline_bet.py
[2026-07-15T00:18:20.203+0000] {logging_mixin.py:188} INFO - [2026-07-15T00:18:20.202+0000] {dag.py:3089} INFO - Sync 1 DAGs
[2026-07-15T00:18:20.278+0000] {logging_mixin.py:188} INFO - [2026-07-15T00:18:20.278+0000] {dag.py:3947} INFO - Setting next_dagrun for pipeline_bets to 2026-07-15 00:00:00+00:00, run_after=2026-07-16 00:00:00+00:00
[2026-07-15T00:18:20.314+0000] {processor.py:183} INFO - Processing /opt/airflow/dags/pipeline_bet.py took 0.426 seconds
[2026-07-15T00:18:50.770+0000] {processor.py:161} INFO - Started process (PID=230) to work on /opt/airflow/dags/pipeline_bet.py
[2026-07-15T00:18:50.779+0000] {processor.py:830} INFO - Processing file /opt/airflow/dags/pipeline_bet.py for tasks to queue
[2026-07-15T00:18:50.793+0000] {logging_mixin.py:188} INFO - [2026-07-15T00:18:50.791+0000] {dagbag.py:545} INFO - Filling up the DagBag from /opt/airflow/dags/pipeline_bet.py
[2026-07-15T00:18:50.864+0000] {processor.py:840} INFO - DAG(s) 'pipeline_bets' retrieved from /opt/airflow/dags/pipeline_bet.py
[2026-07-15T00:18:51.004+0000] {logging_mixin.py:188} INFO - [2026-07-15T00:18:51.004+0000] {dag.py:3089} INFO - Sync 1 DAGs
[2026-07-15T00:18:51.074+0000] {logging_mixin.py:188} INFO - [2026-07-15T00:18:51.074+0000] {dag.py:3947} INFO - Setting next_dagrun for pipeline_bets to 2026-07-15 00:00:00+00:00, run_after=2026-07-16 00:00:00+00:00
[2026-07-15T00:18:51.114+0000] {processor.py:183} INFO - Processing /opt/airflow/dags/pipeline_bet.py took 0.401 seconds
[2026-07-15T00:19:22.253+0000] {processor.py:161} INFO - Started process (PID=235) to work on /opt/airflow/dags/pipeline_bet.py
[2026-07-15T00:19:22.262+0000] {processor.py:830} INFO - Processing file /opt/airflow/dags/pipeline_bet.py for tasks to queue
[2026-07-15T00:19:22.299+0000] {logging_mixin.py:188} INFO - [2026-07-15T00:19:22.294+0000] {dagbag.py:545} INFO - Filling up the DagBag from /opt/airflow/dags/pipeline_bet.py
[2026-07-15T00:19:22.480+0000] {processor.py:840} INFO - DAG(s) 'pipeline_bets' retrieved from /opt/airflow/dags/pipeline_bet.py
[2026-07-15T00:19:22.781+0000] {logging_mixin.py:188} INFO - [2026-07-15T00:19:22.780+0000] {dag.py:3089} INFO - Sync 1 DAGs
[2026-07-15T00:19:22.896+0000] {logging_mixin.py:188} INFO - [2026-07-15T00:19:22.896+0000] {dag.py:3947} INFO - Setting next_dagrun for pipeline_bets to 2026-07-15 00:00:00+00:00, run_after=2026-07-16 00:00:00+00:00
[2026-07-15T00:19:22.952+0000] {processor.py:183} INFO - Processing /opt/airflow/dags/pipeline_bet.py took 0.813 seconds
[2026-07-15T00:19:53.824+0000] {processor.py:161} INFO - Started process (PID=240) to work on /opt/airflow/dags/pipeline_bet.py
[2026-07-15T00:19:53.833+0000] {processor.py:830} INFO - Processing file /opt/airflow/dags/pipeline_bet.py for tasks to queue
[2026-07-15T00:19:53.889+0000] {logging_mixin.py:188} INFO - [2026-07-15T00:19:53.880+0000] {dagbag.py:545} INFO - Filling up the DagBag from /opt/airflow/dags/pipeline_bet.py
[2026-07-15T00:19:54.124+0000] {processor.py:840} INFO - DAG(s) 'pipeline_bets' retrieved from /opt/airflow/dags/pipeline_bet.py
[2026-07-15T00:19:54.515+0000] {logging_mixin.py:188} INFO - [2026-07-15T00:19:54.514+0000] {dag.py:3089} INFO - Sync 1 DAGs
[2026-07-15T00:19:54.627+0000] {logging_mixin.py:188} INFO - [2026-07-15T00:19:54.626+0000] {dag.py:3947} INFO - Setting next_dagrun for pipeline_bets to 2026-07-15 00:00:00+00:00, run_after=2026-07-16 00:00:00+00:00
[2026-07-15T00:19:54.680+0000] {processor.py:183} INFO - Processing /opt/airflow/dags/pipeline_bet.py took 0.968 seconds
[2026-07-15T00:20:25.251+0000] {processor.py:161} INFO - Started process (PID=245) to work on /opt/airflow/dags/pipeline_bet.py
[2026-07-15T00:20:25.277+0000] {processor.py:830} INFO - Processing file /opt/airflow/dags/pipeline_bet.py for tasks to queue
[2026-07-15T00:20:25.329+0000] {logging_mixin.py:188} INFO - [2026-07-15T00:20:25.320+0000] {dagbag.py:545} INFO - Filling up the DagBag from /opt/airflow/dags/pipeline_bet.py
[2026-07-15T00:20:25.827+0000] {processor.py:840} INFO - DAG(s) 'pipeline_bets' retrieved from /opt/airflow/dags/pipeline_bet.py
[2026-07-15T00:20:26.296+0000] {logging_mixin.py:188} INFO - [2026-07-15T00:20:26.296+0000] {dag.py:3089} INFO - Sync 1 DAGs
[2026-07-15T00:20:26.470+0000] {logging_mixin.py:188} INFO - [2026-07-15T00:20:26.469+0000] {dag.py:3947} INFO - Setting next_dagrun for pipeline_bets to 2026-07-15 00:00:00+00:00, run_after=2026-07-16 00:00:00+00:00
[2026-07-15T00:20:26.599+0000] {processor.py:183} INFO - Processing /opt/airflow/dags/pipeline_bet.py took 1.495 seconds
[2026-07-15T00:20:57.839+0000] {processor.py:161} INFO - Started process (PID=250) to work on /opt/airflow/dags/pipeline_bet.py
[2026-07-15T00:20:57.867+0000] {processor.py:830} INFO - Processing file /opt/airflow/dags/pipeline_bet.py for tasks to queue
[2026-07-15T00:20:57.969+0000] {logging_mixin.py:188} INFO - [2026-07-15T00:20:57.959+0000] {dagbag.py:545} INFO - Filling up the DagBag from /opt/airflow/dags/pipeline_bet.py
[2026-07-15T00:20:58.266+0000] {processor.py:840} INFO - DAG(s) 'pipeline_bets' retrieved from /opt/airflow/dags/pipeline_bet.py
[2026-07-15T00:20:58.733+0000] {logging_mixin.py:188} INFO - [2026-07-15T00:20:58.732+0000] {dag.py:3089} INFO - Sync 1 DAGs
[2026-07-15T00:20:58.930+0000] {logging_mixin.py:188} INFO - [2026-07-15T00:20:58.930+0000] {dag.py:3947} INFO - Setting next_dagrun for pipeline_bets to 2026-07-15 00:00:00+00:00, run_after=2026-07-16 00:00:00+00:00
[2026-07-15T00:20:59.010+0000] {processor.py:183} INFO - Processing /opt/airflow/dags/pipeline_bet.py took 1.493 seconds
[2026-07-15T00:21:29.338+0000] {processor.py:161} INFO - Started process (PID=255) to work on /opt/airflow/dags/pipeline_bet.py
[2026-07-15T00:21:29.340+0000] {processor.py:830} INFO - Processing file /opt/airflow/dags/pipeline_bet.py for tasks to queue
[2026-07-15T00:21:29.348+0000] {logging_mixin.py:188} INFO - [2026-07-15T00:21:29.347+0000] {dagbag.py:545} INFO - Filling up the DagBag from /opt/airflow/dags/pipeline_bet.py
[2026-07-15T00:21:29.392+0000] {processor.py:840} INFO - DAG(s) 'pipeline_bets' retrieved from /opt/airflow/dags/pipeline_bet.py
[2026-07-15T00:21:29.495+0000] {logging_mixin.py:188} INFO - [2026-07-15T00:21:29.495+0000] {dag.py:3089} INFO - Sync 1 DAGs
[2026-07-15T00:21:29.570+0000] {logging_mixin.py:188} INFO - [2026-07-15T00:21:29.569+0000] {dag.py:3947} INFO - Setting next_dagrun for pipeline_bets to 2026-07-15 00:00:00+00:00, run_after=2026-07-16 00:00:00+00:00
[2026-07-15T00:21:29.608+0000] {processor.py:183} INFO - Processing /opt/airflow/dags/pipeline_bet.py took 0.299 seconds
[2026-07-15T00:21:59.672+0000] {processor.py:161} INFO - Started process (PID=260) to work on /opt/airflow/dags/pipeline_bet.py
[2026-07-15T00:21:59.672+0000] {processor.py:830} INFO - Processing file /opt/airflow/dags/pipeline_bet.py for tasks to queue
[2026-07-15T00:21:59.674+0000] {logging_mixin.py:188} INFO - [2026-07-15T00:21:59.673+0000] {dagbag.py:545} INFO - Filling up the DagBag from /opt/airflow/dags/pipeline_bet.py
[2026-07-15T00:21:59.685+0000] {processor.py:840} INFO - DAG(s) 'pipeline_bets' retrieved from /opt/airflow/dags/pipeline_bet.py
[2026-07-15T00:21:59.725+0000] {logging_mixin.py:188} INFO - [2026-07-15T00:21:59.724+0000] {dag.py:3089} INFO - Sync 1 DAGs
[2026-07-15T00:21:59.748+0000] {logging_mixin.py:188} INFO - [2026-07-15T00:21:59.748+0000] {dag.py:3947} INFO - Setting next_dagrun for pipeline_bets to 2026-07-15 00:00:00+00:00, run_after=2026-07-16 00:00:00+00:00
[2026-07-15T00:21:59.769+0000] {processor.py:183} INFO - Processing /opt/airflow/dags/pipeline_bet.py took 0.102 seconds
[2026-07-15T00:22:30.429+0000] {processor.py:161} INFO - Started process (PID=265) to work on /opt/airflow/dags/pipeline_bet.py
[2026-07-15T00:22:30.464+0000] {processor.py:830} INFO - Processing file /opt/airflow/dags/pipeline_bet.py for tasks to queue
[2026-07-15T00:22:30.515+0000] {logging_mixin.py:188} INFO - [2026-07-15T00:22:30.508+0000] {dagbag.py:545} INFO - Filling up the DagBag from /opt/airflow/dags/pipeline_bet.py
[2026-07-15T00:22:30.847+0000] {processor.py:840} INFO - DAG(s) 'pipeline_bets' retrieved from /opt/airflow/dags/pipeline_bet.py
[2026-07-15T00:22:31.373+0000] {logging_mixin.py:188} INFO - [2026-07-15T00:22:31.372+0000] {dag.py:3089} INFO - Sync 1 DAGs
[2026-07-15T00:22:31.534+0000] {logging_mixin.py:188} INFO - [2026-07-15T00:22:31.533+0000] {dag.py:3947} INFO - Setting next_dagrun for pipeline_bets to 2026-07-15 00:00:00+00:00, run_after=2026-07-16 00:00:00+00:00
[2026-07-15T00:22:31.629+0000] {processor.py:183} INFO - Processing /opt/airflow/dags/pipeline_bet.py took 1.382 seconds
[2026-07-15T00:23:02.527+0000] {processor.py:161} INFO - Started process (PID=270) to work on /opt/airflow/dags/pipeline_bet.py
[2026-07-15T00:23:02.546+0000] {processor.py:830} INFO - Processing file /opt/airflow/dags/pipeline_bet.py for tasks to queue
[2026-07-15T00:23:02.596+0000] {logging_mixin.py:188} INFO - [2026-07-15T00:23:02.589+0000] {dagbag.py:545} INFO - Filling up the DagBag from /opt/airflow/dags/pipeline_bet.py
[2026-07-15T00:23:02.818+0000] {processor.py:840} INFO - DAG(s) 'pipeline_bets' retrieved from /opt/airflow/dags/pipeline_bet.py
[2026-07-15T00:23:03.258+0000] {logging_mixin.py:188} INFO - [2026-07-15T00:23:03.258+0000] {dag.py:3089} INFO - Sync 1 DAGs
[2026-07-15T00:23:03.361+0000] {logging_mixin.py:188} INFO - [2026-07-15T00:23:03.361+0000] {dag.py:3947} INFO - Setting next_dagrun for pipeline_bets to 2026-07-15 00:00:00+00:00, run_after=2026-07-16 00:00:00+00:00
[2026-07-15T00:23:03.425+0000] {processor.py:183} INFO - Processing /opt/airflow/dags/pipeline_bet.py took 1.047 seconds
[2026-07-15T00:23:33.729+0000] {processor.py:161} INFO - Started process (PID=275) to work on /opt/airflow/dags/pipeline_bet.py
[2026-07-15T00:23:33.746+0000] {processor.py:830} INFO - Processing file /opt/airflow/dags/pipeline_bet.py for tasks to queue
[2026-07-15T00:23:33.765+0000] {logging_mixin.py:188} INFO - [2026-07-15T00:23:33.761+0000] {dagbag.py:545} INFO - Filling up the DagBag from /opt/airflow/dags/pipeline_bet.py
[2026-07-15T00:23:33.845+0000] {processor.py:840} INFO - DAG(s) 'pipeline_bets' retrieved from /opt/airflow/dags/pipeline_bet.py
[2026-07-15T00:23:34.057+0000] {logging_mixin.py:188} INFO - [2026-07-15T00:23:34.056+0000] {dag.py:3089} INFO - Sync 1 DAGs
[2026-07-15T00:23:34.155+0000] {logging_mixin.py:188} INFO - [2026-07-15T00:23:34.155+0000] {dag.py:3947} INFO - Setting next_dagrun for pipeline_bets to 2026-07-15 00:00:00+00:00, run_after=2026-07-16 00:00:00+00:00
[2026-07-15T00:23:34.200+0000] {processor.py:183} INFO - Processing /opt/airflow/dags/pipeline_bet.py took 0.544 seconds
[2026-07-15T00:24:06.710+0000] {processor.py:161} INFO - Started process (PID=280) to work on /opt/airflow/dags/pipeline_bet.py
[2026-07-15T00:24:06.811+0000] {processor.py:830} INFO - Processing file /opt/airflow/dags/pipeline_bet.py for tasks to queue
[2026-07-15T00:24:07.203+0000] {logging_mixin.py:188} INFO - [2026-07-15T00:24:07.009+0000] {dagbag.py:545} INFO - Filling up the DagBag from /opt/airflow/dags/pipeline_bet.py
[2026-07-15T00:24:08.189+0000] {processor.py:840} INFO - DAG(s) 'pipeline_bets' retrieved from /opt/airflow/dags/pipeline_bet.py
[2026-07-15T00:24:09.216+0000] {logging_mixin.py:188} INFO - [2026-07-15T00:24:09.215+0000] {dag.py:3089} INFO - Sync 1 DAGs
[2026-07-15T00:24:10.637+0000] {logging_mixin.py:188} INFO - [2026-07-15T00:24:10.632+0000] {dag.py:3947} INFO - Setting next_dagrun for pipeline_bets to 2026-07-15 00:00:00+00:00, run_after=2026-07-16 00:00:00+00:00
[2026-07-15T00:24:11.048+0000] {processor.py:183} INFO - Processing /opt/airflow/dags/pipeline_bet.py took 5.303 seconds
[2026-07-15T00:24:45.582+0000] {processor.py:161} INFO - Started process (PID=285) to work on /opt/airflow/dags/pipeline_bet.py
[2026-07-15T00:24:45.669+0000] {processor.py:830} INFO - Processing file /opt/airflow/dags/pipeline_bet.py for tasks to queue
[2026-07-15T00:24:45.883+0000] {logging_mixin.py:188} INFO - [2026-07-15T00:24:45.851+0000] {dagbag.py:545} INFO - Filling up the DagBag from /opt/airflow/dags/pipeline_bet.py
[2026-07-15T00:24:48.217+0000] {processor.py:840} INFO - DAG(s) 'pipeline_bets' retrieved from /opt/airflow/dags/pipeline_bet.py
[2026-07-15T00:25:01.533+0000] {logging_mixin.py:188} INFO - [2026-07-15T00:25:01.493+0000] {dag.py:3089} INFO - Sync 1 DAGs
[2026-07-15T00:25:04.185+0000] {logging_mixin.py:188} INFO - [2026-07-15T00:25:04.173+0000] {dag.py:3947} INFO - Setting next_dagrun for pipeline_bets to 2026-07-15 00:00:00+00:00, run_after=2026-07-16 00:00:00+00:00
[2026-07-15T00:25:05.716+0000] {processor.py:183} INFO - Processing /opt/airflow/dags/pipeline_bet.py took 21.059 seconds
[2026-07-15T00:25:39.024+0000] {processor.py:161} INFO - Started process (PID=295) to work on /opt/airflow/dags/pipeline_bet.py
[2026-07-15T00:25:39.131+0000] {processor.py:830} INFO - Processing file /opt/airflow/dags/pipeline_bet.py for tasks to queue
[2026-07-15T00:25:39.803+0000] {logging_mixin.py:188} INFO - [2026-07-15T00:25:39.536+0000] {dagbag.py:545} INFO - Filling up the DagBag from /opt/airflow/dags/pipeline_bet.py
[2026-07-15T00:25:45.086+0000] {processor.py:840} INFO - DAG(s) 'pipeline_bets' retrieved from /opt/airflow/dags/pipeline_bet.py
[2026-07-15T00:25:48.090+0000] {logging_mixin.py:188} INFO - [2026-07-15T00:25:48.084+0000] {dag.py:3089} INFO - Sync 1 DAGs
[2026-07-15T00:25:48.734+0000] {logging_mixin.py:188} INFO - [2026-07-15T00:25:48.733+0000] {dag.py:3947} INFO - Setting next_dagrun for pipeline_bets to 2026-07-15 00:00:00+00:00, run_after=2026-07-16 00:00:00+00:00
[2026-07-15T00:25:48.878+0000] {processor.py:183} INFO - Processing /opt/airflow/dags/pipeline_bet.py took 10.292 seconds
[2026-07-15T00:30:14.467+0000] {processor.py:161} INFO - Started process (PID=169) to work on /opt/airflow/dags/pipeline_bet.py
[2026-07-15T00:30:14.481+0000] {processor.py:830} INFO - Processing file /opt/airflow/dags/pipeline_bet.py for tasks to queue
[2026-07-15T00:30:14.614+0000] {logging_mixin.py:188} INFO - [2026-07-15T00:30:14.613+0000] {dagbag.py:545} INFO - Filling up the DagBag from /opt/airflow/dags/pipeline_bet.py
[2026-07-15T00:30:14.962+0000] {processor.py:840} INFO - DAG(s) 'pipeline_bets' retrieved from /opt/airflow/dags/pipeline_bet.py
[2026-07-15T00:30:16.459+0000] {logging_mixin.py:188} INFO - [2026-07-15T00:30:16.458+0000] {dag.py:3089} INFO - Sync 1 DAGs
[2026-07-15T00:30:16.607+0000] {logging_mixin.py:188} INFO - [2026-07-15T00:30:16.606+0000] {dag.py:3947} INFO - Setting next_dagrun for pipeline_bets to 2026-07-15 00:00:00+00:00, run_after=2026-07-16 00:00:00+00:00
[2026-07-15T00:30:16.694+0000] {processor.py:183} INFO - Processing /opt/airflow/dags/pipeline_bet.py took 2.371 seconds
[2026-07-15T00:30:49.560+0000] {processor.py:161} INFO - Started process (PID=180) to work on /opt/airflow/dags/pipeline_bet.py
[2026-07-15T00:30:49.631+0000] {processor.py:830} INFO - Processing file /opt/airflow/dags/pipeline_bet.py for tasks to queue
[2026-07-15T00:30:49.931+0000] {logging_mixin.py:188} INFO - [2026-07-15T00:30:49.825+0000] {dagbag.py:545} INFO - Filling up the DagBag from /opt/airflow/dags/pipeline_bet.py
[2026-07-15T00:30:51.053+0000] {processor.py:840} INFO - DAG(s) 'pipeline_bets' retrieved from /opt/airflow/dags/pipeline_bet.py
[2026-07-15T00:30:52.104+0000] {logging_mixin.py:188} INFO - [2026-07-15T00:30:52.103+0000] {dag.py:3089} INFO - Sync 1 DAGs
[2026-07-15T00:30:52.525+0000] {logging_mixin.py:188} INFO - [2026-07-15T00:30:52.524+0000] {dag.py:3947} INFO - Setting next_dagrun for pipeline_bets to 2026-07-15 00:00:00+00:00, run_after=2026-07-16 00:00:00+00:00
[2026-07-15T00:30:52.903+0000] {processor.py:183} INFO - Processing /opt/airflow/dags/pipeline_bet.py took 5.647 seconds
[2026-07-15T00:31:24.347+0000] {processor.py:161} INFO - Started process (PID=190) to work on /opt/airflow/dags/pipeline_bet.py
[2026-07-15T00:31:24.447+0000] {processor.py:830} INFO - Processing file /opt/airflow/dags/pipeline_bet.py for tasks to queue
[2026-07-15T00:31:24.720+0000] {logging_mixin.py:188} INFO - [2026-07-15T00:31:24.695+0000] {dagbag.py:545} INFO - Filling up the DagBag from /opt/airflow/dags/pipeline_bet.py
[2026-07-15T00:31:25.486+0000] {processor.py:840} INFO - DAG(s) 'pipeline_bets' retrieved from /opt/airflow/dags/pipeline_bet.py
[2026-07-15T00:31:26.530+0000] {logging_mixin.py:188} INFO - [2026-07-15T00:31:26.529+0000] {dag.py:3089} INFO - Sync 1 DAGs
[2026-07-15T00:31:27.422+0000] {logging_mixin.py:188} INFO - [2026-07-15T00:31:27.421+0000] {dag.py:3947} INFO - Setting next_dagrun for pipeline_bets to 2026-07-15 00:00:00+00:00, run_after=2026-07-16 00:00:00+00:00
[2026-07-15T00:31:27.870+0000] {processor.py:183} INFO - Processing /opt/airflow/dags/pipeline_bet.py took 3.972 seconds
[2026-07-15T00:31:58.783+0000] {processor.py:161} INFO - Started process (PID=202) to work on /opt/airflow/dags/pipeline_bet.py
[2026-07-15T00:31:58.789+0000] {processor.py:830} INFO - Processing file /opt/airflow/dags/pipeline_bet.py for tasks to queue
[2026-07-15T00:31:58.809+0000] {logging_mixin.py:188} INFO - [2026-07-15T00:31:58.806+0000] {dagbag.py:545} INFO - Filling up the DagBag from /opt/airflow/dags/pipeline_bet.py
[2026-07-15T00:31:59.111+0000] {processor.py:840} INFO - DAG(s) 'pipeline_bets' retrieved from /opt/airflow/dags/pipeline_bet.py
[2026-07-15T00:31:59.429+0000] {logging_mixin.py:188} INFO - [2026-07-15T00:31:59.428+0000] {dag.py:3089} INFO - Sync 1 DAGs
[2026-07-15T00:31:59.773+0000] {logging_mixin.py:188} INFO - [2026-07-15T00:31:59.772+0000] {dag.py:3947} INFO - Setting next_dagrun for pipeline_bets to 2026-07-15 00:00:00+00:00, run_after=2026-07-16 00:00:00+00:00
[2026-07-15T00:31:59.918+0000] {processor.py:183} INFO - Processing /opt/airflow/dags/pipeline_bet.py took 1.174 seconds
[2026-07-15T00:32:31.112+0000] {processor.py:161} INFO - Started process (PID=210) to work on /opt/airflow/dags/pipeline_bet.py
[2026-07-15T00:32:31.123+0000] {processor.py:830} INFO - Processing file /opt/airflow/dags/pipeline_bet.py for tasks to queue
[2026-07-15T00:32:31.150+0000] {logging_mixin.py:188} INFO - [2026-07-15T00:32:31.148+0000] {dagbag.py:545} INFO - Filling up the DagBag from /opt/airflow/dags/pipeline_bet.py
[2026-07-15T00:32:32.462+0000] {processor.py:840} INFO - DAG(s) 'pipeline_bets' retrieved from /opt/airflow/dags/pipeline_bet.py
[2026-07-15T00:32:35.828+0000] {logging_mixin.py:188} INFO - [2026-07-15T00:32:35.825+0000] {dag.py:3089} INFO - Sync 1 DAGs
[2026-07-15T00:32:36.097+0000] {logging_mixin.py:188} INFO - [2026-07-15T00:32:36.096+0000] {dag.py:3947} INFO - Setting next_dagrun for pipeline_bets to 2026-07-15 00:00:00+00:00, run_after=2026-07-16 00:00:00+00:00
[2026-07-15T00:32:36.308+0000] {processor.py:183} INFO - Processing /opt/airflow/dags/pipeline_bet.py took 5.370 seconds
[2026-07-15T00:33:06.503+0000] {processor.py:161} INFO - Started process (PID=222) to work on /opt/airflow/dags/pipeline_bet.py
[2026-07-15T00:33:06.512+0000] {processor.py:830} INFO - Processing file /opt/airflow/dags/pipeline_bet.py for tasks to queue
[2026-07-15T00:33:06.519+0000] {logging_mixin.py:188} INFO - [2026-07-15T00:33:06.518+0000] {dagbag.py:545} INFO - Filling up the DagBag from /opt/airflow/dags/pipeline_bet.py
[2026-07-15T00:33:07.140+0000] {processor.py:840} INFO - DAG(s) 'pipeline_bets' retrieved from /opt/airflow/dags/pipeline_bet.py
[2026-07-15T00:33:07.842+0000] {logging_mixin.py:188} INFO - [2026-07-15T00:33:07.841+0000] {dag.py:3089} INFO - Sync 1 DAGs
[2026-07-15T00:33:08.269+0000] {logging_mixin.py:188} INFO - [2026-07-15T00:33:08.267+0000] {dag.py:3947} INFO - Setting next_dagrun for pipeline_bets to 2026-07-15 00:00:00+00:00, run_after=2026-07-16 00:00:00+00:00
[2026-07-15T00:33:08.390+0000] {processor.py:183} INFO - Processing /opt/airflow/dags/pipeline_bet.py took 1.895 seconds
[2026-07-15T00:33:41.722+0000] {processor.py:161} INFO - Started process (PID=230) to work on /opt/airflow/dags/pipeline_bet.py
[2026-07-15T00:33:41.748+0000] {processor.py:830} INFO - Processing file /opt/airflow/dags/pipeline_bet.py for tasks to queue
[2026-07-15T00:33:42.808+0000] {logging_mixin.py:188} INFO - [2026-07-15T00:33:42.671+0000] {dagbag.py:545} INFO - Filling up the DagBag from /opt/airflow/dags/pipeline_bet.py
[2026-07-15T00:33:47.607+0000] {processor.py:840} INFO - DAG(s) 'pipeline_bets' retrieved from /opt/airflow/dags/pipeline_bet.py
[2026-07-15T00:33:49.312+0000] {logging_mixin.py:188} INFO - [2026-07-15T00:33:49.309+0000] {dag.py:3089} INFO - Sync 1 DAGs
[2026-07-15T00:33:49.832+0000] {logging_mixin.py:188} INFO - [2026-07-15T00:33:49.820+0000] {dag.py:3947} INFO - Setting next_dagrun for pipeline_bets to 2026-07-15 00:00:00+00:00, run_after=2026-07-16 00:00:00+00:00
[2026-07-15T00:33:50.615+0000] {processor.py:183} INFO - Processing /opt/airflow/dags/pipeline_bet.py took 10.321 seconds
[2026-07-15T00:34:22.533+0000] {processor.py:161} INFO - Started process (PID=240) to work on /opt/airflow/dags/pipeline_bet.py
[2026-07-15T00:34:22.542+0000] {processor.py:830} INFO - Processing file /opt/airflow/dags/pipeline_bet.py for tasks to queue
[2026-07-15T00:34:22.622+0000] {logging_mixin.py:188} INFO - [2026-07-15T00:34:22.610+0000] {dagbag.py:545} INFO - Filling up the DagBag from /opt/airflow/dags/pipeline_bet.py
[2026-07-15T00:34:23.085+0000] {processor.py:840} INFO - DAG(s) 'pipeline_bets' retrieved from /opt/airflow/dags/pipeline_bet.py
[2026-07-15T00:34:23.398+0000] {logging_mixin.py:188} INFO - [2026-07-15T00:34:23.398+0000] {dag.py:3089} INFO - Sync 1 DAGs
[2026-07-15T00:34:23.808+0000] {logging_mixin.py:188} INFO - [2026-07-15T00:34:23.805+0000] {dag.py:3947} INFO - Setting next_dagrun for pipeline_bets to 2026-07-15 00:00:00+00:00, run_after=2026-07-16 00:00:00+00:00
[2026-07-15T00:34:24.056+0000] {processor.py:183} INFO - Processing /opt/airflow/dags/pipeline_bet.py took 1.753 seconds
[2026-07-15T00:34:54.541+0000] {processor.py:161} INFO - Started process (PID=252) to work on /opt/airflow/dags/pipeline_bet.py
[2026-07-15T00:34:54.549+0000] {processor.py:830} INFO - Processing file /opt/airflow/dags/pipeline_bet.py for tasks to queue
[2026-07-15T00:34:54.553+0000] {logging_mixin.py:188} INFO - [2026-07-15T00:34:54.553+0000] {dagbag.py:545} INFO - Filling up the DagBag from /opt/airflow/dags/pipeline_bet.py
[2026-07-15T00:34:55.101+0000] {processor.py:840} INFO - DAG(s) 'pipeline_bets' retrieved from /opt/airflow/dags/pipeline_bet.py
[2026-07-15T00:34:55.745+0000] {logging_mixin.py:188} INFO - [2026-07-15T00:34:55.742+0000] {dag.py:3089} INFO - Sync 1 DAGs
[2026-07-15T00:34:56.101+0000] {logging_mixin.py:188} INFO - [2026-07-15T00:34:56.099+0000] {dag.py:3947} INFO - Setting next_dagrun for pipeline_bets to 2026-07-15 00:00:00+00:00, run_after=2026-07-16 00:00:00+00:00
[2026-07-15T00:34:56.257+0000] {processor.py:183} INFO - Processing /opt/airflow/dags/pipeline_bet.py took 1.725 seconds
[2026-07-15T00:35:26.509+0000] {processor.py:161} INFO - Started process (PID=262) to work on /opt/airflow/dags/pipeline_bet.py
[2026-07-15T00:35:26.511+0000] {processor.py:830} INFO - Processing file /opt/airflow/dags/pipeline_bet.py for tasks to queue
[2026-07-15T00:35:26.556+0000] {logging_mixin.py:188} INFO - [2026-07-15T00:35:26.555+0000] {dagbag.py:545} INFO - Filling up the DagBag from /opt/airflow/dags/pipeline_bet.py
[2026-07-15T00:35:27.058+0000] {processor.py:840} INFO - DAG(s) 'pipeline_bets' retrieved from /opt/airflow/dags/pipeline_bet.py
[2026-07-15T00:35:27.745+0000] {logging_mixin.py:188} INFO - [2026-07-15T00:35:27.744+0000] {dag.py:3089} INFO - Sync 1 DAGs
[2026-07-15T00:35:28.434+0000] {logging_mixin.py:188} INFO - [2026-07-15T00:35:28.432+0000] {dag.py:3947} INFO - Setting next_dagrun for pipeline_bets to 2026-07-15 00:00:00+00:00, run_after=2026-07-16 00:00:00+00:00
[2026-07-15T00:35:28.640+0000] {processor.py:183} INFO - Processing /opt/airflow/dags/pipeline_bet.py took 2.142 seconds
[2026-07-15T00:35:59.537+0000] {processor.py:161} INFO - Started process (PID=270) to work on /opt/airflow/dags/pipeline_bet.py
[2026-07-15T00:35:59.549+0000] {processor.py:830} INFO - Processing file /opt/airflow/dags/pipeline_bet.py for tasks to queue
[2026-07-15T00:35:59.564+0000] {logging_mixin.py:188} INFO - [2026-07-15T00:35:59.561+0000] {dagbag.py:545} INFO - Filling up the DagBag from /opt/airflow/dags/pipeline_bet.py
[2026-07-15T00:36:00.245+0000] {processor.py:840} INFO - DAG(s) 'pipeline_bets' retrieved from /opt/airflow/dags/pipeline_bet.py
[2026-07-15T00:36:00.727+0000] {logging_mixin.py:188} INFO - [2026-07-15T00:36:00.726+0000] {dag.py:3089} INFO - Sync 1 DAGs
[2026-07-15T00:36:00.933+0000] {logging_mixin.py:188} INFO - [2026-07-15T00:36:00.933+0000] {dag.py:3947} INFO - Setting next_dagrun for pipeline_bets to 2026-07-15 00:00:00+00:00, run_after=2026-07-16 00:00:00+00:00
[2026-07-15T00:36:01.057+0000] {processor.py:183} INFO - Processing /opt/airflow/dags/pipeline_bet.py took 1.806 seconds
[2026-07-15T00:36:31.636+0000] {processor.py:161} INFO - Started process (PID=280) to work on /opt/airflow/dags/pipeline_bet.py
[2026-07-15T00:36:31.678+0000] {processor.py:830} INFO - Processing file /opt/airflow/dags/pipeline_bet.py for tasks to queue
[2026-07-15T00:36:31.821+0000] {logging_mixin.py:188} INFO - [2026-07-15T00:36:31.797+0000] {dagbag.py:545} INFO - Filling up the DagBag from /opt/airflow/dags/pipeline_bet.py
[2026-07-15T00:36:33.358+0000] {processor.py:840} INFO - DAG(s) 'pipeline_bets' retrieved from /opt/airflow/dags/pipeline_bet.py
[2026-07-15T00:36:33.999+0000] {logging_mixin.py:188} INFO - [2026-07-15T00:36:33.998+0000] {dag.py:3089} INFO - Sync 1 DAGs
[2026-07-15T00:36:34.317+0000] {logging_mixin.py:188} INFO - [2026-07-15T00:36:34.316+0000] {dag.py:3947} INFO - Setting next_dagrun for pipeline_bets to 2026-07-15 00:00:00+00:00, run_after=2026-07-16 00:00:00+00:00
[2026-07-15T00:36:34.456+0000] {processor.py:183} INFO - Processing /opt/airflow/dags/pipeline_bet.py took 2.955 seconds
[2026-07-15T00:37:10.347+0000] {processor.py:161} INFO - Started process (PID=290) to work on /opt/airflow/dags/pipeline_bet.py
[2026-07-15T00:37:10.431+0000] {processor.py:830} INFO - Processing file /opt/airflow/dags/pipeline_bet.py for tasks to queue
[2026-07-15T00:37:11.145+0000] {logging_mixin.py:188} INFO - [2026-07-15T00:37:10.921+0000] {dagbag.py:545} INFO - Filling up the DagBag from /opt/airflow/dags/pipeline_bet.py
[2026-07-15T00:37:14.069+0000] {processor.py:840} INFO - DAG(s) 'pipeline_bets' retrieved from /opt/airflow/dags/pipeline_bet.py
[2026-07-15T00:37:15.459+0000] {logging_mixin.py:188} INFO - [2026-07-15T00:37:15.459+0000] {dag.py:3089} INFO - Sync 1 DAGs
[2026-07-15T00:37:15.765+0000] {logging_mixin.py:188} INFO - [2026-07-15T00:37:15.764+0000] {dag.py:3947} INFO - Setting next_dagrun for pipeline_bets to 2026-07-15 00:00:00+00:00, run_after=2026-07-16 00:00:00+00:00
[2026-07-15T00:37:15.834+0000] {processor.py:183} INFO - Processing /opt/airflow/dags/pipeline_bet.py took 6.300 seconds
[2026-07-15T00:37:50.819+0000] {processor.py:161} INFO - Started process (PID=299) to work on /opt/airflow/dags/pipeline_bet.py
[2026-07-15T00:37:50.858+0000] {processor.py:830} INFO - Processing file /opt/airflow/dags/pipeline_bet.py for tasks to queue
[2026-07-15T00:37:50.950+0000] {logging_mixin.py:188} INFO - [2026-07-15T00:37:50.934+0000] {dagbag.py:545} INFO - Filling up the DagBag from /opt/airflow/dags/pipeline_bet.py
[2026-07-15T00:37:51.765+0000] {processor.py:840} INFO - DAG(s) 'pipeline_bets' retrieved from /opt/airflow/dags/pipeline_bet.py
[2026-07-15T00:37:52.984+0000] {logging_mixin.py:188} INFO - [2026-07-15T00:37:52.983+0000] {dag.py:3089} INFO - Sync 1 DAGs
[2026-07-15T00:37:53.796+0000] {logging_mixin.py:188} INFO - [2026-07-15T00:37:53.795+0000] {dag.py:3947} INFO - Setting next_dagrun for pipeline_bets to 2026-07-15 00:00:00+00:00, run_after=2026-07-16 00:00:00+00:00
[2026-07-15T00:37:53.932+0000] {processor.py:183} INFO - Processing /opt/airflow/dags/pipeline_bet.py took 3.404 seconds
[2026-07-15T00:38:24.651+0000] {processor.py:161} INFO - Started process (PID=310) to work on /opt/airflow/dags/pipeline_bet.py
[2026-07-15T00:38:24.684+0000] {processor.py:830} INFO - Processing file /opt/airflow/dags/pipeline_bet.py for tasks to queue
[2026-07-15T00:38:24.996+0000] {logging_mixin.py:188} INFO - [2026-07-15T00:38:24.949+0000] {dagbag.py:545} INFO - Filling up the DagBag from /opt/airflow/dags/pipeline_bet.py
[2026-07-15T00:38:26.320+0000] {processor.py:840} INFO - DAG(s) 'pipeline_bets' retrieved from /opt/airflow/dags/pipeline_bet.py
[2026-07-15T00:38:26.951+0000] {logging_mixin.py:188} INFO - [2026-07-15T00:38:26.950+0000] {dag.py:3089} INFO - Sync 1 DAGs
[2026-07-15T00:38:27.827+0000] {logging_mixin.py:188} INFO - [2026-07-15T00:38:27.825+0000] {dag.py:3947} INFO - Setting next_dagrun for pipeline_bets to 2026-07-15 00:00:00+00:00, run_after=2026-07-16 00:00:00+00:00
[2026-07-15T00:38:28.104+0000] {processor.py:183} INFO - Processing /opt/airflow/dags/pipeline_bet.py took 3.566 seconds
[2026-07-15T00:38:58.818+0000] {processor.py:161} INFO - Started process (PID=320) to work on /opt/airflow/dags/pipeline_bet.py
[2026-07-15T00:38:58.825+0000] {processor.py:830} INFO - Processing file /opt/airflow/dags/pipeline_bet.py for tasks to queue
[2026-07-15T00:38:58.920+0000] {logging_mixin.py:188} INFO - [2026-07-15T00:38:58.911+0000] {dagbag.py:545} INFO - Filling up the DagBag from /opt/airflow/dags/pipeline_bet.py
[2026-07-15T00:39:02.387+0000] {processor.py:840} INFO - DAG(s) 'pipeline_bets' retrieved from /opt/airflow/dags/pipeline_bet.py
[2026-07-15T00:39:03.241+0000] {logging_mixin.py:188} INFO - [2026-07-15T00:39:03.240+0000] {dag.py:3089} INFO - Sync 1 DAGs
[2026-07-15T00:39:03.593+0000] {logging_mixin.py:188} INFO - [2026-07-15T00:39:03.592+0000] {dag.py:3947} INFO - Setting next_dagrun for pipeline_bets to 2026-07-15 00:00:00+00:00, run_after=2026-07-16 00:00:00+00:00
[2026-07-15T00:39:03.669+0000] {processor.py:183} INFO - Processing /opt/airflow/dags/pipeline_bet.py took 4.959 seconds
[2026-07-15T00:39:34.140+0000] {processor.py:161} INFO - Started process (PID=330) to work on /opt/airflow/dags/pipeline_bet.py
[2026-07-15T00:39:34.147+0000] {processor.py:830} INFO - Processing file /opt/airflow/dags/pipeline_bet.py for tasks to queue
[2026-07-15T00:39:34.160+0000] {logging_mixin.py:188} INFO - [2026-07-15T00:39:34.158+0000] {dagbag.py:545} INFO - Filling up the DagBag from /opt/airflow/dags/pipeline_bet.py
[2026-07-15T00:39:34.485+0000] {processor.py:840} INFO - DAG(s) 'pipeline_bets' retrieved from /opt/airflow/dags/pipeline_bet.py
[2026-07-15T00:39:34.776+0000] {logging_mixin.py:188} INFO - [2026-07-15T00:39:34.776+0000] {dag.py:3089} INFO - Sync 1 DAGs
[2026-07-15T00:39:34.973+0000] {logging_mixin.py:188} INFO - [2026-07-15T00:39:34.972+0000] {dag.py:3947} INFO - Setting next_dagrun for pipeline_bets to 2026-07-15 00:00:00+00:00, run_after=2026-07-16 00:00:00+00:00
[2026-07-15T00:39:35.047+0000] {processor.py:183} INFO - Processing /opt/airflow/dags/pipeline_bet.py took 0.928 seconds
[2026-07-15T00:40:05.524+0000] {processor.py:161} INFO - Started process (PID=342) to work on /opt/airflow/dags/pipeline_bet.py
[2026-07-15T00:40:05.526+0000] {processor.py:830} INFO - Processing file /opt/airflow/dags/pipeline_bet.py for tasks to queue
[2026-07-15T00:40:05.537+0000] {logging_mixin.py:188} INFO - [2026-07-15T00:40:05.536+0000] {dagbag.py:545} INFO - Filling up the DagBag from /opt/airflow/dags/pipeline_bet.py
[2026-07-15T00:40:05.697+0000] {processor.py:840} INFO - DAG(s) 'pipeline_bets' retrieved from /opt/airflow/dags/pipeline_bet.py
[2026-07-15T00:40:05.878+0000] {logging_mixin.py:188} INFO - [2026-07-15T00:40:05.877+0000] {dag.py:3089} INFO - Sync 1 DAGs
[2026-07-15T00:40:05.984+0000] {logging_mixin.py:188} INFO - [2026-07-15T00:40:05.984+0000] {dag.py:3947} INFO - Setting next_dagrun for pipeline_bets to 2026-07-15 00:00:00+00:00, run_after=2026-07-16 00:00:00+00:00
[2026-07-15T00:40:06.041+0000] {processor.py:183} INFO - Processing /opt/airflow/dags/pipeline_bet.py took 0.524 seconds
[2026-07-15T00:40:36.609+0000] {processor.py:161} INFO - Started process (PID=350) to work on /opt/airflow/dags/pipeline_bet.py
[2026-07-15T00:40:36.616+0000] {processor.py:830} INFO - Processing file /opt/airflow/dags/pipeline_bet.py for tasks to queue
[2026-07-15T00:40:36.662+0000] {logging_mixin.py:188} INFO - [2026-07-15T00:40:36.657+0000] {dagbag.py:545} INFO - Filling up the DagBag from /opt/airflow/dags/pipeline_bet.py
[2026-07-15T00:40:37.544+0000] {processor.py:840} INFO - DAG(s) 'pipeline_bets' retrieved from /opt/airflow/dags/pipeline_bet.py
[2026-07-15T00:40:37.902+0000] {logging_mixin.py:188} INFO - [2026-07-15T00:40:37.902+0000] {dag.py:3089} INFO - Sync 1 DAGs
[2026-07-15T00:40:39.094+0000] {logging_mixin.py:188} INFO - [2026-07-15T00:40:39.091+0000] {dag.py:3947} INFO - Setting next_dagrun for pipeline_bets to 2026-07-15 00:00:00+00:00, run_after=2026-07-16 00:00:00+00:00
[2026-07-15T00:40:39.272+0000] {processor.py:183} INFO - Processing /opt/airflow/dags/pipeline_bet.py took 2.723 seconds
[2026-07-15T00:41:10.478+0000] {processor.py:161} INFO - Started process (PID=360) to work on /opt/airflow/dags/pipeline_bet.py
[2026-07-15T00:41:11.334+0000] {processor.py:830} INFO - Processing file /opt/airflow/dags/pipeline_bet.py for tasks to queue
[2026-07-15T00:41:12.061+0000] {logging_mixin.py:188} INFO - [2026-07-15T00:41:12.017+0000] {dagbag.py:545} INFO - Filling up the DagBag from /opt/airflow/dags/pipeline_bet.py
[2026-07-15T00:41:12.737+0000] {processor.py:840} INFO - DAG(s) 'pipeline_bets' retrieved from /opt/airflow/dags/pipeline_bet.py
[2026-07-15T00:41:13.265+0000] {logging_mixin.py:188} INFO - [2026-07-15T00:41:13.265+0000] {dag.py:3089} INFO - Sync 1 DAGs
[2026-07-15T00:41:13.541+0000] {logging_mixin.py:188} INFO - [2026-07-15T00:41:13.540+0000] {dag.py:3947} INFO - Setting next_dagrun for pipeline_bets to 2026-07-15 00:00:00+00:00, run_after=2026-07-16 00:00:00+00:00
[2026-07-15T00:41:13.665+0000] {processor.py:183} INFO - Processing /opt/airflow/dags/pipeline_bet.py took 3.347 seconds
[2026-07-15T00:41:45.988+0000] {processor.py:161} INFO - Started process (PID=369) to work on /opt/airflow/dags/pipeline_bet.py
[2026-07-15T00:41:46.202+0000] {processor.py:830} INFO - Processing file /opt/airflow/dags/pipeline_bet.py for tasks to queue
[2026-07-15T00:41:48.077+0000] {logging_mixin.py:188} INFO - [2026-07-15T00:41:47.239+0000] {dagbag.py:545} INFO - Filling up the DagBag from /opt/airflow/dags/pipeline_bet.py
[2026-07-15T00:41:51.597+0000] {processor.py:840} INFO - DAG(s) 'pipeline_bets' retrieved from /opt/airflow/dags/pipeline_bet.py
[2026-07-15T00:41:53.605+0000] {logging_mixin.py:188} INFO - [2026-07-15T00:41:53.588+0000] {dag.py:3089} INFO - Sync 1 DAGs
[2026-07-15T00:41:54.107+0000] {logging_mixin.py:188} INFO - [2026-07-15T00:41:54.106+0000] {dag.py:3947} INFO - Setting next_dagrun for pipeline_bets to 2026-07-15 00:00:00+00:00, run_after=2026-07-16 00:00:00+00:00
[2026-07-15T00:41:54.281+0000] {processor.py:183} INFO - Processing /opt/airflow/dags/pipeline_bet.py took 9.438 seconds
[2026-07-15T00:42:24.695+0000] {processor.py:161} INFO - Started process (PID=383) to work on /opt/airflow/dags/pipeline_bet.py
[2026-07-15T00:42:24.725+0000] {processor.py:830} INFO - Processing file /opt/airflow/dags/pipeline_bet.py for tasks to queue
[2026-07-15T00:42:24.796+0000] {logging_mixin.py:188} INFO - [2026-07-15T00:42:24.780+0000] {dagbag.py:545} INFO - Filling up the DagBag from /opt/airflow/dags/pipeline_bet.py
[2026-07-15T00:42:25.245+0000] {processor.py:840} INFO - DAG(s) 'pipeline_bets' retrieved from /opt/airflow/dags/pipeline_bet.py
[2026-07-15T00:42:25.869+0000] {logging_mixin.py:188} INFO - [2026-07-15T00:42:25.868+0000] {dag.py:3089} INFO - Sync 1 DAGs
[2026-07-15T00:42:26.431+0000] {logging_mixin.py:188} INFO - [2026-07-15T00:42:26.430+0000] {dag.py:3947} INFO - Setting next_dagrun for pipeline_bets to 2026-07-15 00:00:00+00:00, run_after=2026-07-16 00:00:00+00:00
[2026-07-15T00:42:26.527+0000] {processor.py:183} INFO - Processing /opt/airflow/dags/pipeline_bet.py took 1.921 seconds
[2026-07-15T00:42:58.120+0000] {processor.py:161} INFO - Started process (PID=392) to work on /opt/airflow/dags/pipeline_bet.py
[2026-07-15T00:42:58.165+0000] {processor.py:830} INFO - Processing file /opt/airflow/dags/pipeline_bet.py for tasks to queue
[2026-07-15T00:42:58.304+0000] {logging_mixin.py:188} INFO - [2026-07-15T00:42:58.275+0000] {dagbag.py:545} INFO - Filling up the DagBag from /opt/airflow/dags/pipeline_bet.py
[2026-07-15T00:42:59.368+0000] {processor.py:840} INFO - DAG(s) 'pipeline_bets' retrieved from /opt/airflow/dags/pipeline_bet.py
[2026-07-15T00:43:00.844+0000] {logging_mixin.py:188} INFO - [2026-07-15T00:43:00.843+0000] {dag.py:3089} INFO - Sync 1 DAGs
[2026-07-15T00:43:01.097+0000] {logging_mixin.py:188} INFO - [2026-07-15T00:43:01.096+0000] {dag.py:3947} INFO - Setting next_dagrun for pipeline_bets to 2026-07-15 00:00:00+00:00, run_after=2026-07-16 00:00:00+00:00
[2026-07-15T00:43:01.232+0000] {processor.py:183} INFO - Processing /opt/airflow/dags/pipeline_bet.py took 3.499 seconds
[2026-07-15T00:43:37.981+0000] {processor.py:161} INFO - Started process (PID=401) to work on /opt/airflow/dags/pipeline_bet.py
[2026-07-15T00:43:38.036+0000] {processor.py:830} INFO - Processing file /opt/airflow/dags/pipeline_bet.py for tasks to queue
[2026-07-15T00:43:38.757+0000] {logging_mixin.py:188} INFO - [2026-07-15T00:43:38.568+0000] {dagbag.py:545} INFO - Filling up the DagBag from /opt/airflow/dags/pipeline_bet.py
[2026-07-15T00:43:44.991+0000] {processor.py:840} INFO - DAG(s) 'pipeline_bets' retrieved from /opt/airflow/dags/pipeline_bet.py
[2026-07-15T00:43:50.876+0000] {logging_mixin.py:188} INFO - [2026-07-15T00:43:50.826+0000] {dag.py:3089} INFO - Sync 1 DAGs
[2026-07-15T00:43:53.800+0000] {logging_mixin.py:188} INFO - [2026-07-15T00:43:53.791+0000] {dag.py:3947} INFO - Setting next_dagrun for pipeline_bets to 2026-07-15 00:00:00+00:00, run_after=2026-07-16 00:00:00+00:00
[2026-07-15T00:43:55.566+0000] {processor.py:183} INFO - Processing /opt/airflow/dags/pipeline_bet.py took 19.603 seconds
[2026-07-15T00:45:53.938+0000] {processor.py:161} INFO - Started process (PID=423) to work on /opt/airflow/dags/pipeline_bet.py
[2026-07-15T00:45:54.056+0000] {processor.py:830} INFO - Processing file /opt/airflow/dags/pipeline_bet.py for tasks to queue
[2026-07-15T00:45:54.083+0000] {logging_mixin.py:188} INFO - [2026-07-15T00:45:54.058+0000] {dagbag.py:545} INFO - Filling up the DagBag from /opt/airflow/dags/pipeline_bet.py
[2026-07-15T00:45:55.809+0000] {processor.py:840} INFO - DAG(s) 'pipeline_bets' retrieved from /opt/airflow/dags/pipeline_bet.py
