[2026-07-15T00:41:55.924+0000] {local_task_job_runner.py:120} INFO - ::group::Pre task execution logs
[2026-07-15T00:41:56.746+0000] {taskinstance.py:2076} INFO - Dependencies all met for dep_context=non-requeueable deps ti=<TaskInstance: pipeline_bets.bronze_coletar_odds manual__2026-07-15T00:41:39.013700+00:00 [queued]>
[2026-07-15T00:41:56.794+0000] {taskinstance.py:2076} INFO - Dependencies all met for dep_context=requeueable deps ti=<TaskInstance: pipeline_bets.bronze_coletar_odds manual__2026-07-15T00:41:39.013700+00:00 [queued]>
[2026-07-15T00:41:56.795+0000] {taskinstance.py:2306} INFO - Starting attempt 1 of 2
[2026-07-15T00:41:56.864+0000] {taskinstance.py:2330} INFO - Executing <Task(BashOperator): bronze_coletar_odds> on 2026-07-15 00:41:39.013700+00:00
[2026-07-15T00:41:57.026+0000] {standard_task_runner.py:90} INFO - Running: ['***', 'tasks', 'run', 'pipeline_bets', 'bronze_coletar_odds', 'manual__2026-07-15T00:41:39.013700+00:00', '--job-id', '48', '--raw', '--subdir', 'DAGS_FOLDER/pipeline_bet.py', '--cfg-path', '/tmp/tmpio_36prg']
[2026-07-15T00:41:57.197+0000] {standard_task_runner.py:91} INFO - Job 48: Subtask bronze_coletar_odds
[2026-07-15T00:41:57.220+0000] {logging_mixin.py:188} WARNING - /home/***/.local/lib/python3.12/site-packages/***/task/task_runner/standard_task_runner.py:62 DeprecationWarning: This process (pid=368) is multi-threaded, use of fork() may lead to deadlocks in the child.
[2026-07-15T00:41:57.221+0000] {standard_task_runner.py:64} INFO - Started process 378 to run task
[2026-07-15T00:41:58.401+0000] {task_command.py:426} INFO - Running <TaskInstance: pipeline_bets.bronze_coletar_odds manual__2026-07-15T00:41:39.013700+00:00 [running]> on host 71ef641afc7b
[2026-07-15T00:41:59.398+0000] {taskinstance.py:2648} INFO - Exporting env vars: AIRFLOW_CTX_DAG_OWNER='lucas' AIRFLOW_CTX_DAG_ID='pipeline_bets' AIRFLOW_CTX_TASK_ID='bronze_coletar_odds' AIRFLOW_CTX_EXECUTION_DATE='2026-07-15T00:41:39.013700+00:00' AIRFLOW_CTX_TRY_NUMBER='1' AIRFLOW_CTX_DAG_RUN_ID='manual__2026-07-15T00:41:39.013700+00:00'
[2026-07-15T00:41:59.402+0000] {taskinstance.py:430} INFO - ::endgroup::
[2026-07-15T00:41:59.918+0000] {subprocess.py:63} INFO - Tmp dir root location: /tmp
[2026-07-15T00:41:59.934+0000] {subprocess.py:75} INFO - Running command: ['/usr/bin/bash', '-c', 'cd /opt/*** && python ../codigo-fonte/ingestao/coletar_odds.py']
[2026-07-15T00:42:00.026+0000] {subprocess.py:86} INFO - Output:
[2026-07-15T00:42:01.244+0000] {subprocess.py:93} INFO - python: can't open file '/opt/***/../codigo-fonte/ingestao/coletar_odds.py': [Errno 2] No such file or directory
[2026-07-15T00:42:01.266+0000] {subprocess.py:97} INFO - Command exited with return code 2
[2026-07-15T00:42:01.330+0000] {taskinstance.py:441} INFO - ::group::Post task execution logs
[2026-07-15T00:42:01.811+0000] {taskinstance.py:2905} ERROR - Task failed with exception
Traceback (most recent call last):
  File "/home/airflow/.local/lib/python3.12/site-packages/airflow/models/taskinstance.py", line 465, in _execute_task
    result = _execute_callable(context=context, **execute_callable_kwargs)
             ^^^^^^^^^^^^^^^^^^^^^^^^^^^^^^^^^^^^^^^^^^^^^^^^^^^^^^^^^^^^^
  File "/home/airflow/.local/lib/python3.12/site-packages/airflow/models/taskinstance.py", line 432, in _execute_callable
    return execute_callable(context=context, **execute_callable_kwargs)
           ^^^^^^^^^^^^^^^^^^^^^^^^^^^^^^^^^^^^^^^^^^^^^^^^^^^^^^^^^^^^
  File "/home/airflow/.local/lib/python3.12/site-packages/airflow/models/baseoperator.py", line 401, in wrapper
    return func(self, *args, **kwargs)
           ^^^^^^^^^^^^^^^^^^^^^^^^^^^
  File "/home/airflow/.local/lib/python3.12/site-packages/airflow/operators/bash.py", line 243, in execute
    raise AirflowException(
airflow.exceptions.AirflowException: Bash command failed. The command returned a non-zero exit code 2.
[2026-07-15T00:42:02.006+0000] {taskinstance.py:1206} INFO - Marking task as UP_FOR_RETRY. dag_id=pipeline_bets, task_id=bronze_coletar_odds, run_id=manual__2026-07-15T00:41:39.013700+00:00, execution_date=20260715T004139, start_date=20260715T004156, end_date=20260715T004201
[2026-07-15T00:42:02.275+0000] {standard_task_runner.py:110} ERROR - Failed to execute job 48 for task bronze_coletar_odds (Bash command failed. The command returned a non-zero exit code 2.; 378)
[2026-07-15T00:42:03.373+0000] {local_task_job_runner.py:243} INFO - Task exited with return code 1
[2026-07-15T00:42:04.234+0000] {taskinstance.py:3503} INFO - 0 downstream tasks scheduled from follow-on schedule check
[2026-07-15T00:42:04.241+0000] {local_task_job_runner.py:222} INFO - ::endgroup::
